Microchip MPLAB XC8 Compiler V1.33 ()

Linker command line:

--edf=C:\Program Files\Microchip\xc8\v1.33\dat\en_msgs.txt -cs \
  -h+dist/default/production\PA79-603-A-WF.production.sym \
  --cmf=dist/default/production\PA79-603-A-WF.production.cmf -z -Q16F1786 \
  -oC:\DOCUME~1\admin1\LOCALS~1\Temp\s3ao.6 \
  -Mdist/default/production/PA79-603-A-WF.production.map -E1 -ver=XC8 \
  -ASTACK=02229h-0231fh -pstack=STACK -ACONST=00h-0FFhx32 \
  -ACODE=00h-07FFhx4 -ASTRCODE=00h-01FFFh -AENTRY=00h-0FFhx32 \
  -ASTRING=00h-0FFhx32 -ACOMMON=070h-07Fh -ABANK0=020h-06Fh \
  -ABANK1=0A0h-0EFh -ABANK2=0120h-016Fh -ABANK3=01A0h-01EFh \
  -ABANK4=0220h-026Fh -ABANK5=02A0h-02EFh -ABANK6=0320h-036Fh \
  -ABANK7=03A0h-03EFh -ABANK8=0420h-046Fh -ABANK9=04A0h-04EFh \
  -ABANK10=0520h-056Fh -ABANK11=05A0h-05EFh -ABANK12=0620h-064Fh \
  -ABIGRAM=02000h-023EFh \
  -ARAM=020h-06Fh,0A0h-0EFh,0120h-016Fh,01A0h-01EFh,0220h-026Fh,02A0h-02EFh,0320h-036Fh,03A0h-03EFh,0420h-046Fh,04A0h-04EFh,0520h-056Fh,05A0h-05EFh,0620h-064Fh \
  -AABS1=020h-07Fh,0A0h-0EFh,0120h-016Fh,01A0h-01EFh,0220h-026Fh,02A0h-02EFh,0320h-036Fh,03A0h-03EFh,0420h-046Fh,04A0h-04EFh,0520h-056Fh,05A0h-05EFh,0620h-064Fh \
  -ASFR0=00h-01Fh -ASFR1=080h-09Fh -ASFR2=0100h-011Fh -ASFR3=0180h-019Fh \
  -ASFR4=0200h-021Fh -ASFR5=0280h-029Fh -ASFR6=0300h-031Fh \
  -ASFR7=0380h-039Fh -ASFR8=0400h-041Fh -ASFR9=0480h-049Fh \
  -ASFR10=0500h-051Fh -ASFR11=0580h-059Fh -ASFR12=0600h-061Fh \
  -ASFR13=0680h-06EFh -ASFR14=0700h-076Fh -ASFR15=0780h-07EFh \
  -ASFR16=0800h-086Fh -ASFR17=0880h-08EFh -ASFR18=0900h-096Fh \
  -ASFR19=0980h-09EFh -ASFR20=0A00h-0A6Fh -ASFR21=0A80h-0AEFh \
  -ASFR22=0B00h-0B6Fh -ASFR23=0B80h-0BEFh -ASFR24=0C00h-0C6Fh \
  -ASFR25=0C80h-0CEFh -ASFR26=0D00h-0D6Fh -ASFR27=0D80h-0DEFh \
  -ASFR28=0E00h-0E6Fh -ASFR29=0E80h-0EEFh -ASFR30=0F00h-0F6Fh \
  -ASFR31=0F80h-0FEFh -preset_vec=00h,intentry=04h,init,end_init \
  -ppowerup=CODE -pcinit=CODE -pfunctab=CODE -ACONFIG=08007h-08008h \
  -pconfig=CONFIG -DCONFIG=2 -AIDLOC=08000h-08003h -pidloc=IDLOC -DIDLOC=2 \
  -AEEDATA=00h-0FFh/0F000h -peeprom_data=EEDATA -DEEDATA=2 -DCODE=2 \
  -DSTRCODE=2 -DSTRING=2 -DCONST=2 -DENTRY=2 -k \
  C:\DOCUME~1\admin1\LOCALS~1\Temp\s3ao.obj \
  dist/default/production\PA79-603-A-WF.production.obj 

Object code version is 3.11

Machine type is 16F1786



                Name                               Link     Load   Length Selector   Space Scale
C:\DOCUME~1\admin1\LOCALS~1\Temp\s3ao.obj
                end_init                            4EC      4EC        2        8       0
                reset_vec                             0        0        2        0       0
                config                             8007     8007        2    1000E       0
dist/default/production\PA79-603-A-WF.production.obj
                cinit                               4EE      4EE       83        8       0
                intentry                              4        4      4E8        8       0
                swtext1                            186E     186E        C     30DC       0
                text43                              571      571      143        8       0
                text42                             1982     1982       22     3304       0
                text41                             1DEE     1DEE       82     3BDC       0
                text40                             1B66     1B66       60     36CC       0
                text39                             137D     137D       F6     26FA       0
                text38                             1019     1019       A9     2032       0
                text37                             1215     1215       B4     242A       0
                text36                             1EF2     1EF2       87     3DE4       0
                text35                             18FE     18FE       13     31FC       0
                text33                             19A4     19A4       27     3348       0
                text32                             1E70     1E70       82     3CE0       0
                text31                             1BC6     1BC6       61     378C       0
                text30                             1A6D     1A6D       3D     34DA       0
                text29                              85C      85C       F6     10B8       0
                text28                             10C2     10C2       A9     2184       0
                text27                             1A31     1A31       3C     3462       0
                text26                             12C9     12C9       B4     2592       0
                text25                             188C     188C        9     3118       0
                text24                             1F79     1F79       87     3EF2       0
                text23                             1924     1924       15     3248       0
                text22                             1964     1964       1E     32C8       0
                text21                             1473     1473      38D     28E6       0
                text20                              7D6      7D6       28        8       0
                text19                             1000     1000       19     12A4       0
                text18                             1B07     1B07       5F     360E       0
                text17                             1D6F     1D6F       7F     3ADE       0
                text16                             1AAA     1AAA       5D     3554       0
                text15                             1CF1     1CF1       7E     39E2       0
                text14                             18DC     18DC       11     31B8       0
                text13                             18ED     18ED       11     31DA       0
                text12                             116B     116B       AA     22D6       0
                text11                             19FA     19FA       37     33F4       0
                text10                             19CB     19CB       2F     3396       0
                text9                              1C27     1C27       64     384E       0
                text8                              1C8B     1C8B       66     3916       0
                text7                               6B4      6B4      122        8       0
                text6                              194E     194E       16     329C       0
                text5                              1895     1895        A     312A       0
                text4                              1939     1939       15     3272       0
                text3                              189F     189F        A     313E       0
                text2                               808      808       54     1010       0
                text1                              1911     1911       13     3222       0
                maintext                            952      952      6AE     12A4       0
                cstackBANK0                          20       20       34       20       1
                cstackCOMMON                         70       70        E       70       1
                cstackBANK1                          A0       A0       4F       A0       1
                inittext                           18A9     18A9        C     3152       0
                clrtext                            18B5     18B5        C     316A       0
                bssBANK6                            320      320       49      320       1
                bssBANK5                            2A0      2A0       18      2A0       1
                dataBANK4                           25A      25A        4      220       1
                bssBANK4                            220      220       3A      220       1
                dataBANK3                           1E0      1E0        F      1A0       1
                bssBANK3                            1A0      1A0       40      1A0       1
                dataBANK2                           164      164        C      120       1
                bssBANK2                            120      120       44      120       1
                dataBANK1                            EF       EF        1       A0       1
                dataBANK0                            6F       6F        1       20       1
                bssBANK0                             54       54       1B       20       1
                stringtext                         1800     1800       6E       30       0
                idataBANK4                          804      804        4     1008       0
                idataBANK3                         18CD     18CD        F     319A       0
                idataBANK2                         18C1     18C1        C     3182       0
                idataBANK1                          7FF      7FF        1        8       0
                idataBANK0                          7FE      7FE        1        8       0

TOTAL           Name                               Link     Load   Length     Space
        CLASS   STACK          

        CLASS   CONST          
                swtext1                            186E     186E        C         0

        CLASS   CODE           
                end_init                            4EC      4EC        2         0
                cinit                               4EE      4EE       83         0
                intentry                              4        4      4E8         0
                reset_vec                             0        0        2         0
                text43                              571      571      143         0
                text42                             1982     1982       22         0
                text41                             1DEE     1DEE       82         0
                text40                             1B66     1B66       60         0
                text39                             137D     137D       F6         0
                text38                             1019     1019       A9         0
                text37                             1215     1215       B4         0
                text36                             1EF2     1EF2       87         0
                text35                             18FE     18FE       13         0
                text33                             19A4     19A4       27         0
                text32                             1E70     1E70       82         0
                text31                             1BC6     1BC6       61         0
                text30                             1A6D     1A6D       3D         0
                text29                              85C      85C       F6         0
                text28                             10C2     10C2       A9         0
                text27                             1A31     1A31       3C         0
                text26                             12C9     12C9       B4         0
                text25                             188C     188C        9         0
                text24                             1F79     1F79       87         0
                text23                             1924     1924       15         0
                text22                             1964     1964       1E         0
                text21                             1473     1473      38D         0
                text20                              7D6      7D6       28         0
                text19                             1000     1000       19         0
                text18                             1B07     1B07       5F         0
                text17                             1D6F     1D6F       7F         0
                text16                             1AAA     1AAA       5D         0
                text15                             1CF1     1CF1       7E         0
                text14                             18DC     18DC       11         0
                text13                             18ED     18ED       11         0
                text12                             116B     116B       AA         0
                text11                             19FA     19FA       37         0
                text10                             19CB     19CB       2F         0
                text9                              1C27     1C27       64         0
                text8                              1C8B     1C8B       66         0
                text7                               6B4      6B4      122         0
                text6                              194E     194E       16         0
                text5                              1895     1895        A         0
                text4                              1939     1939       15         0
                text3                              189F     189F        A         0
                text2                               808      808       54         0
                text1                              1911     1911       13         0
                maintext                            952      952      6AE         0
                inittext                           18A9     18A9        C         0
                clrtext                            18B5     18B5        C         0
                idataBANK4                          804      804        4         0
                idataBANK3                         18CD     18CD        F         0
                idataBANK2                         18C1     18C1        C         0
                idataBANK1                          7FF      7FF        1         0
                idataBANK0                          7FE      7FE        1         0

        CLASS   STRCODE        
                stringtext                         1800     1800       6E         0

        CLASS   ENTRY          

        CLASS   STRING         

        CLASS   COMMON         
                cstackCOMMON                         70       70        E         1

        CLASS   BANK0          
                cstackBANK0                          20       20       34         1
                dataBANK0                            6F       6F        1         1
                bssBANK0                             54       54       1B         1

        CLASS   BANK1          
                cstackBANK1                          A0       A0       4F         1
                dataBANK1                            EF       EF        1         1

        CLASS   BANK2          
                dataBANK2                           164      164        C         1
                bssBANK2                            120      120       44         1

        CLASS   BANK3          
                dataBANK3                           1E0      1E0        F         1
                bssBANK3                            1A0      1A0       40         1

        CLASS   BANK4          
                dataBANK4                           25A      25A        4         1
                bssBANK4                            220      220       3A         1

        CLASS   BANK5          
                bssBANK5                            2A0      2A0       18         1

        CLASS   BANK6          
                bssBANK6                            320      320       49         1

        CLASS   BANK7          

        CLASS   BANK8          

        CLASS   BANK9          

        CLASS   BANK10         

        CLASS   BANK11         

        CLASS   BANK12         

        CLASS   BIGRAM         

        CLASS   RAM            

        CLASS   ABS1           
                abs_s1                               7E       7E        2         1
                abs_s1                              5C6      5C6       2A         1
                abs_s1                              620      620       30         1
                abs_s1                             2396     2396        0         1

        CLASS   SFR0           

        CLASS   SFR1           

        CLASS   SFR2           

        CLASS   SFR3           

        CLASS   SFR4           

        CLASS   SFR5           

        CLASS   SFR6           

        CLASS   SFR7           

        CLASS   SFR8           

        CLASS   SFR9           

        CLASS   SFR10          

        CLASS   SFR11          

        CLASS   SFR12          

        CLASS   SFR13          

        CLASS   SFR14          

        CLASS   SFR15          

        CLASS   SFR16          

        CLASS   SFR17          

        CLASS   SFR18          

        CLASS   SFR19          

        CLASS   SFR20          

        CLASS   SFR21          

        CLASS   SFR22          

        CLASS   SFR23          

        CLASS   SFR24          

        CLASS   SFR25          

        CLASS   SFR26          

        CLASS   SFR27          

        CLASS   SFR28          

        CLASS   SFR29          

        CLASS   SFR30          

        CLASS   SFR31          

        CLASS   CONFIG         
                config                             8007     8007        2         0

        CLASS   IDLOC          

        CLASS   EEDATA         

        CLASS   BANK31         

        CLASS   BANK30         

        CLASS   BANK29         

        CLASS   BANK28         

        CLASS   BANK27         

        CLASS   BANK26         

        CLASS   BANK25         

        CLASS   BANK24         

        CLASS   BANK23         

        CLASS   BANK22         

        CLASS   BANK21         

        CLASS   BANK20         

        CLASS   BANK19         

        CLASS   BANK18         

        CLASS   BANK17         

        CLASS   BANK16         

        CLASS   BANK15         

        CLASS   BANK14         

        CLASS   BANK13         



SEGMENTS        Name                           Load    Length   Top    Selector   Space  Class     Delta

                reset_vec                      000000  000002  000002         0       0  CODE        2
                intentry                       000004  0007FC  000800         8       0  CODE        2
                cstackBANK0                    000020  000050  000070        20       1  BANK0       1
                cstackCOMMON                   000070  00000E  00007E        70       1  COMMON      1
                cstackBANK1                    0000A0  000050  0000F0        A0       1  BANK1       1
                bssBANK2                       000120  000050  000170       120       1  BANK2       1
                bssBANK3                       0001A0  00004F  0001EF       1A0       1  BANK3       1
                bssBANK4                       000220  00003E  00025E       220       1  BANK4       1
                bssBANK5                       0002A0  000018  0002B8       2A0       1  BANK5       1
                bssBANK6                       000320  000049  000369       320       1  BANK6       1
                idataBANK4                     000804  000004  000808      1008       0  CODE        2
                text2                          000808  000054  00085C      1010       0  CODE        2
                text29                         00085C  0000F6  000952      10B8       0  CODE        2
                maintext                       000952  0006C7  001019      12A4       0  CODE        2
                text38                         001019  0000A9  0010C2      2032       0  CODE        2
                text28                         0010C2  0000A9  00116B      2184       0  CODE        2
                text12                         00116B  0000AA  001215      22D6       0  CODE        2
                text37                         001215  0000B4  0012C9      242A       0  CODE        2
                text26                         0012C9  0000B4  00137D      2592       0  CODE        2
                text39                         00137D  0000F6  001473      26FA       0  CODE        2
                text21                         001473  00038D  001800      28E6       0  CODE        2
                stringtext                     001800  00006E  00186E        30       0  STRCODE     2
                swtext1                        00186E  00000C  00187A      30DC       0  CONST       2
                text25                         00188C  000009  001895      3118       0  CODE        2
                text5                          001895  00000A  00189F      312A       0  CODE        2
                text3                          00189F  00000A  0018A9      313E       0  CODE        2
                inittext                       0018A9  00000C  0018B5      3152       0  CODE        2
                clrtext                        0018B5  00000C  0018C1      316A       0  CODE        2
                idataBANK2                     0018C1  00000C  0018CD      3182       0  CODE        2
                idataBANK3                     0018CD  00000F  0018DC      319A       0  CODE        2
                text14                         0018DC  000011  0018ED      31B8       0  CODE        2
                text13                         0018ED  000011  0018FE      31DA       0  CODE        2
                text35                         0018FE  000013  001911      31FC       0  CODE        2
                text1                          001911  000013  001924      3222       0  CODE        2
                text23                         001924  000015  001939      3248       0  CODE        2
                text4                          001939  000015  00194E      3272       0  CODE        2
                text6                          00194E  000016  001964      329C       0  CODE        2
                text22                         001964  00001E  001982      32C8       0  CODE        2
                text42                         001982  000022  0019A4      3304       0  CODE        2
                text33                         0019A4  000027  0019CB      3348       0  CODE        2
                text10                         0019CB  00002F  0019FA      3396       0  CODE        2
                text11                         0019FA  000037  001A31      33F4       0  CODE        2
                text27                         001A31  00003C  001A6D      3462       0  CODE        2
                text30                         001A6D  00003D  001AAA      34DA       0  CODE        2
                text16                         001AAA  00005D  001B07      3554       0  CODE        2
                text18                         001B07  00005F  001B66      360E       0  CODE        2
                text40                         001B66  000060  001BC6      36CC       0  CODE        2
                text31                         001BC6  000061  001C27      378C       0  CODE        2
                text9                          001C27  000064  001C8B      384E       0  CODE        2
                text8                          001C8B  000066  001CF1      3916       0  CODE        2
                text15                         001CF1  00007E  001D6F      39E2       0  CODE        2
                text17                         001D6F  00007F  001DEE      3ADE       0  CODE        2
                text41                         001DEE  000082  001E70      3BDC       0  CODE        2
                text32                         001E70  000082  001EF2      3CE0       0  CODE        2
                text36                         001EF2  000087  001F79      3DE4       0  CODE        2
                text24                         001F79  000087  002000      3EF2       0  CODE        2
                config                         008007  000002  008009     1000E       0  CONFIG      2


UNUSED ADDRESS RANGES

        Name                Unused          Largest block    Delta
        BANK10           00520-0056F              50           1
        BANK11           005A0-005C5              26           1
        BANK3            001EF-001EF               1           1
        BANK4            0025E-0026F              12           1
        BANK5            002B8-002EF              38           1
        BANK6            00369-0036F               7           1
        BANK7            003A0-003EF              50           1
        BANK8            00420-0046F              50           1
        BANK9            004A0-004EF              50           1
        BIGRAM           02000-023EF             3F0           1
        CODE             00002-00003               2           2
                         00800-00803               4
                         0187A-0188B              12
        CONST            00002-00003               2           2
                         00800-00803               4
                         0187A-0188B              12
        EEDATA           0F000-0F0FF             100           2
        ENTRY            00002-00003               2           2
                         00800-00803               4
                         0187A-0188B              12
        IDLOC            08000-08003               4           2
        RAM              001EF-001EF               1           1
                         0025E-0026F              12
                         002B8-002EF              38
                         00369-0036F               7
                         003A0-003EF              50
                         00420-0046F              50
                         004A0-004EF              50
                         00520-0056F              50
                         005A0-005C5              26
        SFR0             00000-0001F              20           1
        SFR1             00080-0009F              20           1
        SFR10            00500-0051F              20           1
        SFR11            00580-0059F              20           1
        SFR12            00600-0061F              20           1
        SFR13            00680-006EF              70           1
        SFR14            00700-0076F              70           1
        SFR15            00780-007EF              70           1
        SFR16            00800-0086F              70           1
        SFR17            00880-008EF              70           1
        SFR18            00900-0096F              70           1
        SFR19            00980-009EF              70           1
        SFR2             00100-0011F              20           1
        SFR20            00A00-00A6F              70           1
        SFR21            00A80-00AEF              70           1
        SFR22            00B00-00B6F              70           1
        SFR23            00B80-00BEF              70           1
        SFR24            00C00-00C6F              70           1
        SFR25            00C80-00CEF              70           1
        SFR26            00D00-00D6F              70           1
        SFR27            00D80-00DEF              70           1
        SFR28            00E00-00E6F              70           1
        SFR29            00E80-00EEF              70           1
        SFR3             00180-0019F              20           1
        SFR30            00F00-00F6F              70           1
        SFR31            00F80-00FEF              70           1
        SFR4             00200-0021F              20           1
        SFR5             00280-0029F              20           1
        SFR6             00300-0031F              20           1
        SFR7             00380-0039F              20           1
        SFR8             00400-0041F              20           1
        SFR9             00480-0049F              20           1
        STACK            02229-0231F              F7           1
        STRCODE          00002-00003               2           2
                         00800-00803               4
                         0187A-0188B              12
        STRING           00002-00003               2           2
                         00800-00803               4
                         0187A-0188B              12

                                  Symbol Table

?___aldiv                      cstackBANK1  000A0
?___altoft                     cstackBANK1  000A8
?___ftadd                      cstackBANK1  000A8
?___ftdiv                      cstackBANK1  000C5
?___ftmul                      cstackBANK1  000B5
?___ftneg                      cstackBANK1  000A0
?___ftpack                     cstackBANK1  000A0
?___fttol                      cstackBANK1  000C5
?___lwdiv                      cstackBANK1  000A0
?___lwmod                      cstackBANK1  000A0
?___lwtoft                     cstackBANK1  000A8
?___wmul                       cstackBANK1  000A0
?i1___aldiv                    cstackCOMMON 00070
?i1___ftadd                    cstackBANK0  00030
?i1___ftdiv                    cstackBANK0  00020
?i1___ftmul                    cstackBANK0  00020
?i1___ftpack                   cstackCOMMON 00070
?i1___fttol                    cstackBANK0  0003D
?i1___lwtoft                   cstackCOMMON 00078
Delayms@delay                  cstackBANK1  000A0
Delayms@xxx                    cstackBANK1  000A2
Delayms@yyy                    cstackBANK1  000A4
SCANENCODER1@result            cstackBANK1  000A7
SCANENCODER2@result            cstackBANK1  000A6
Send_Byte@transbyte            cstackBANK1  000A0
Update_PWM@Dutycnt             cstackBANK1  000D9
Update_PWM@Temp1               cstackBANK1  000D7
Update_PWM@setwsduty           cstackBANK1  000D3
_ANSELA                        (abs)        0018C
_ANSELB                        (abs)        0018D
_Actual_amp                    dataBANK3    001E3
_Actual_vtg                    dataBANK3    001E5
_Adaptive_base_pid             text21       01473
_Adaptive_base_pid$1773        cstackBANK1  000E4
_Adaptive_base_pid$1774        cstackBANK1  000E7
_Adaptive_base_pid$1775        cstackBANK1  000EA
_BAUDCTLbits                   (abs)        0019F
_CCP1CONbits                   (abs)        00293
_CCP2CONbits                   (abs)        0029A
_CCPR1L                        (abs)        00291
_CCPR2H                        (abs)        00299
_CCPR2L                        (abs)        00298
_Count                         bssBANK2     0012C
_Delayms                       text20       007D6
_Display                       text43       00571
_Displayarr                    stringtext   01858
_Fltpfreq                      bssBANK2     00120
_Hi_setppwm                    bssBANK3     001AC
_INTCONbits                    (abs)        0000B
_ISR_Function                  intentry     00004
_ISR_Function$1180             cstackCOMMON 0007C
_LATAbits                      (abs)        0010C
_LATB                          (abs)        0010D
_LATBbits                      (abs)        0010D
_LATCbits                      (abs)        0010E
_Lo_setppwm                    bssBANK3     001AE
_OPTION_REGbits                (abs)        00095
_OSCCONbits                    (abs)        00099
_OSCTUNEbits                   (abs)        00098
_One                           bssBANK3     001B0
_OneH                          bssBANK2     0012D
_OneL                          bssBANK2     0012E
_PID_sParams                   bssBANK6     00320
_PIE1bits                      (abs)        00091
_PIE2bits                      (abs)        00092
_PIR1                          (abs)        00011
_PIR1bits                      (abs)        00011
_PIR2bits                      (abs)        00012
_PORTA                         (abs)        0000C
_PORTAbits                     (abs)        0000C
_PORTB                         (abs)        0000D
_PORTC                         (abs)        0000E
_PORTCbits                     (abs)        0000E
_PR2                           (abs)        0001B
_PWM_init                      text19       01000
_RCREG                         (abs)        00199
_RCSTAbits                     (abs)        0019D
_SCANENCODER1                  text17       01D6F
_SCANENCODER2                  text15       01CF1
_SPBRG                         (abs)        0019B
_Send_Byte                     text5        01895
_T1CON                         (abs)        00018
_T2CONbits                     (abs)        0001C
_TMR0                          (abs)        00015
_TMR1H                         (abs)        00017
_TMR1L                         (abs)        00016
_TORCH                         dataBANK2    0016C
_TRISA                         (abs)        0008C
_TRISAbits                     (abs)        0008C
_TRISB                         (abs)        0008D
_TRISC                         (abs)        0008E
_TRISCbits                     (abs)        0008E
_TXREG                         (abs)        0019A
_TXSTA                         (abs)        0019E
_TXSTAbits                     (abs)        0019E
_Timer0_init                   text14       018DC
_Total_Count                   bssBANK3     001B2
_Total_Period                  bssBANK4     00220
_Tsampling                     dataBANK3    001E0
_Two                           bssBANK3     001B4
_TwoH                          bssBANK2     0012F
_TwoL                          bssBANK2     00130
_Tx_ptr                        bssBANK3     001D2
_TypeDP                        bssBANK0     0006B
_TypeU                         bssBANK0     00067
_Update_PWM                    text33       019A4
__CFG_BOREN$OFF                (abs)        00000
__CFG_BORV$LO                  (abs)        00000
__CFG_CLKOUTEN$OFF             (abs)        00000
__CFG_CP$ON                    (abs)        00000
__CFG_CPD$ON                   (abs)        00000
__CFG_FCMEN$OFF                (abs)        00000
__CFG_FOSC$INTOSC              (abs)        00000
__CFG_IESO$OFF                 (abs)        00000
__CFG_LPBOR$OFF                (abs)        00000
__CFG_LVP$ON                   (abs)        00000
__CFG_MCLRE$ON                 (abs)        00000
__CFG_PLLEN$ON                 (abs)        00000
__CFG_PWRTE$OFF                (abs)        00000
__CFG_STVREN$ON                (abs)        00000
__CFG_VCAPEN$OFF               (abs)        00000
__CFG_WDTE$OFF                 (abs)        00000
__CFG_WRT$OFF                  (abs)        00000
__Habs1                        abs1         00000
__Hbank0                       bank0        00000
__Hbank1                       bank1        00000
__Hbank10                      bank10       00000
__Hbank11                      bank11       00000
__Hbank12                      bank12       00000
__Hbank13                      bank13       00000
__Hbank14                      bank14       00000
__Hbank15                      bank15       00000
__Hbank16                      bank16       00000
__Hbank17                      bank17       00000
__Hbank18                      bank18       00000
__Hbank19                      bank19       00000
__Hbank2                       bank2        00000
__Hbank20                      bank20       00000
__Hbank21                      bank21       00000
__Hbank22                      bank22       00000
__Hbank23                      bank23       00000
__Hbank24                      bank24       00000
__Hbank25                      bank25       00000
__Hbank26                      bank26       00000
__Hbank27                      bank27       00000
__Hbank28                      bank28       00000
__Hbank29                      bank29       00000
__Hbank3                       bank3        00000
__Hbank30                      bank30       00000
__Hbank31                      bank31       00000
__Hbank4                       bank4        00000
__Hbank5                       bank5        00000
__Hbank6                       bank6        00000
__Hbank7                       bank7        00000
__Hbank8                       bank8        00000
__Hbank9                       bank9        00000
__Hbigram                      bigram       00000
__HbssBANK0                    bssBANK0     00000
__HbssBANK2                    bssBANK2     00000
__HbssBANK3                    bssBANK3     00000
__HbssBANK4                    bssBANK4     00000
__HbssBANK5                    bssBANK5     00000
__HbssBANK6                    bssBANK6     00000
__Hcinit                       cinit        00571
__Hclrtext                     clrtext      00000
__Hcode                        code         00000
__Hcommon                      common       00000
__Hconfig                      config       08009
__HcstackBANK0                 cstackBANK0  00000
__HcstackBANK1                 cstackBANK1  00000
__HcstackCOMMON                cstackCOMMON 00000
__HdataBANK0                   dataBANK0    00000
__HdataBANK1                   dataBANK1    00000
__HdataBANK2                   dataBANK2    00000
__HdataBANK3                   dataBANK3    00000
__HdataBANK4                   dataBANK4    00000
__Heeprom_data                 eeprom_data  00000
__Hend_init                    end_init     004EE
__Hfunctab                     functab      00000
__HidataBANK0                  idataBANK0   00000
__HidataBANK1                  idataBANK1   00000
__HidataBANK2                  idataBANK2   00000
__HidataBANK3                  idataBANK3   00000
__HidataBANK4                  idataBANK4   00000
__Hidloc                       idloc        00000
__Hinit                        init         004EC
__Hinittext                    inittext     00000
__Hintentry                    intentry     004EC
__Hmaintext                    maintext     00000
__Hpowerup                     powerup      00000
__Hram                         ram          00000
__Hreset_vec                   reset_vec    00002
__Hsfr0                        sfr0         00000
__Hsfr1                        sfr1         00000
__Hsfr10                       sfr10        00000
__Hsfr11                       sfr11        00000
__Hsfr12                       sfr12        00000
__Hsfr13                       sfr13        00000
__Hsfr14                       sfr14        00000
__Hsfr15                       sfr15        00000
__Hsfr16                       sfr16        00000
__Hsfr17                       sfr17        00000
__Hsfr18                       sfr18        00000
__Hsfr19                       sfr19        00000
__Hsfr2                        sfr2         00000
__Hsfr20                       sfr20        00000
__Hsfr21                       sfr21        00000
__Hsfr22                       sfr22        00000
__Hsfr23                       sfr23        00000
__Hsfr24                       sfr24        00000
__Hsfr25                       sfr25        00000
__Hsfr26                       sfr26        00000
__Hsfr27                       sfr27        00000
__Hsfr28                       sfr28        00000
__Hsfr29                       sfr29        00000
__Hsfr3                        sfr3         00000
__Hsfr30                       sfr30        00000
__Hsfr31                       sfr31        00000
__Hsfr4                        sfr4         00000
__Hsfr5                        sfr5         00000
__Hsfr6                        sfr6         00000
__Hsfr7                        sfr7         00000
__Hsfr8                        sfr8         00000
__Hsfr9                        sfr9         00000
__Hspace_0                     (abs)        08009
__Hspace_1                     (abs)        00369
__Hspace_2                     (abs)        00000
__Hspace_3                     (abs)        00000
__Hstack                       stack        00000
__Hstrings                     strings      00000
__Hstringtext                  stringtext   00000
__Htext                        text         00000
__Labs1                        abs1         00000
__Lbank0                       bank0        00000
__Lbank1                       bank1        00000
__Lbank10                      bank10       00000
__Lbank11                      bank11       00000
__Lbank12                      bank12       00000
__Lbank13                      bank13       00000
__Lbank14                      bank14       00000
__Lbank15                      bank15       00000
__Lbank16                      bank16       00000
__Lbank17                      bank17       00000
__Lbank18                      bank18       00000
__Lbank19                      bank19       00000
__Lbank2                       bank2        00000
__Lbank20                      bank20       00000
__Lbank21                      bank21       00000
__Lbank22                      bank22       00000
__Lbank23                      bank23       00000
__Lbank24                      bank24       00000
__Lbank25                      bank25       00000
__Lbank26                      bank26       00000
__Lbank27                      bank27       00000
__Lbank28                      bank28       00000
__Lbank29                      bank29       00000
__Lbank3                       bank3        00000
__Lbank30                      bank30       00000
__Lbank31                      bank31       00000
__Lbank4                       bank4        00000
__Lbank5                       bank5        00000
__Lbank6                       bank6        00000
__Lbank7                       bank7        00000
__Lbank8                       bank8        00000
__Lbank9                       bank9        00000
__Lbigram                      bigram       00000
__LbssBANK0                    bssBANK0     00000
__LbssBANK2                    bssBANK2     00000
__LbssBANK3                    bssBANK3     00000
__LbssBANK4                    bssBANK4     00000
__LbssBANK5                    bssBANK5     00000
__LbssBANK6                    bssBANK6     00000
__Lcinit                       cinit        004EE
__Lclrtext                     clrtext      00000
__Lcode                        code         00000
__Lcommon                      common       00000
__Lconfig                      config       08007
__LcstackBANK0                 cstackBANK0  00000
__LcstackBANK1                 cstackBANK1  00000
__LcstackCOMMON                cstackCOMMON 00000
__LdataBANK0                   dataBANK0    00000
__LdataBANK1                   dataBANK1    00000
__LdataBANK2                   dataBANK2    00000
__LdataBANK3                   dataBANK3    00000
__LdataBANK4                   dataBANK4    00000
__Leeprom_data                 eeprom_data  00000
__Lend_init                    end_init     004EC
__Lfunctab                     functab      00000
__LidataBANK0                  idataBANK0   00000
__LidataBANK1                  idataBANK1   00000
__LidataBANK2                  idataBANK2   00000
__LidataBANK3                  idataBANK3   00000
__LidataBANK4                  idataBANK4   00000
__Lidloc                       idloc        00000
__Linit                        init         004EC
__Linittext                    inittext     00000
__Lintentry                    intentry     00004
__Lmaintext                    maintext     00000
__Lpowerup                     powerup      00000
__Lram                         ram          00000
__Lreset_vec                   reset_vec    00000
__Lsfr0                        sfr0         00000
__Lsfr1                        sfr1         00000
__Lsfr10                       sfr10        00000
__Lsfr11                       sfr11        00000
__Lsfr12                       sfr12        00000
__Lsfr13                       sfr13        00000
__Lsfr14                       sfr14        00000
__Lsfr15                       sfr15        00000
__Lsfr16                       sfr16        00000
__Lsfr17                       sfr17        00000
__Lsfr18                       sfr18        00000
__Lsfr19                       sfr19        00000
__Lsfr2                        sfr2         00000
__Lsfr20                       sfr20        00000
__Lsfr21                       sfr21        00000
__Lsfr22                       sfr22        00000
__Lsfr23                       sfr23        00000
__Lsfr24                       sfr24        00000
__Lsfr25                       sfr25        00000
__Lsfr26                       sfr26        00000
__Lsfr27                       sfr27        00000
__Lsfr28                       sfr28        00000
__Lsfr29                       sfr29        00000
__Lsfr3                        sfr3         00000
__Lsfr30                       sfr30        00000
__Lsfr31                       sfr31        00000
__Lsfr4                        sfr4         00000
__Lsfr5                        sfr5         00000
__Lsfr6                        sfr6         00000
__Lsfr7                        sfr7         00000
__Lsfr8                        sfr8         00000
__Lsfr9                        sfr9         00000
__Lspace_0                     (abs)        00000
__Lspace_1                     (abs)        00000
__Lspace_2                     (abs)        00000
__Lspace_3                     (abs)        00000
__Lstack                       stack        00000
__Lstrings                     strings      00000
__Lstringtext                  stringtext   00000
__Ltext                        text         00000
__S0                           (abs)        08009
__S1                           (abs)        00369
__S2                           (abs)        00000
__S3                           (abs)        00000
___aldiv                       text32       01E70
___aldiv@counter               cstackBANK1  000A9
___aldiv@dividend              cstackBANK1  000A4
___aldiv@divisor               cstackBANK1  000A0
___aldiv@quotient              cstackBANK1  000AB
___aldiv@sign                  cstackBANK1  000AA
___altoft                      text30       01A6D
___altoft@c                    cstackBANK1  000A8
___altoft@exp                  cstackBANK1  000AE
___altoft@sign                 cstackBANK1  000AF
___ftadd                       text29       0085C
___ftadd@exp1                  cstackBANK1  000B4
___ftadd@exp2                  cstackBANK1  000B3
___ftadd@f1                    cstackBANK1  000A8
___ftadd@f2                    cstackBANK1  000AB
___ftadd@sign                  cstackBANK1  000B2
___ftdiv                       text28       010C2
___ftdiv@cntr                  cstackBANK1  000CF
___ftdiv@exp                   cstackBANK1  000D3
___ftdiv@f1                    cstackBANK1  000C8
___ftdiv@f2                    cstackBANK1  000C5
___ftdiv@f3                    cstackBANK1  000D0
___ftdiv@sign                  cstackBANK1  000D4
___ftge                        text27       01A31
___ftge@ff1                    cstackBANK1  000B0
___ftge@ff2                    cstackBANK1  000B3
___ftmul                       text26       012C9
___ftmul@cntr                  cstackBANK1  000C3
___ftmul@exp                   cstackBANK1  000BF
___ftmul@f1                    cstackBANK1  000B5
___ftmul@f2                    cstackBANK1  000B8
___ftmul@f3_as_product         cstackBANK1  000C0
___ftmul@sign                  cstackBANK1  000C4
___ftneg                       text25       0188C
___ftneg@f1                    cstackBANK1  000A0
___ftpack                      text31       01BC6
___ftpack@arg                  cstackBANK1  000A0
___ftpack@exp                  cstackBANK1  000A3
___ftpack@sign                 cstackBANK1  000A4
___fttol                       text24       01F79
___fttol@exp1                  cstackBANK1  000D2
___fttol@f1                    cstackBANK1  000C5
___fttol@lval                  cstackBANK1  000CE
___fttol@sign1                 cstackBANK1  000CD
___int_sp                      stack        00000
___latbits                     (abs)        00002
___lwdiv                       text11       019FA
___lwdiv@counter               cstackBANK1  000A7
___lwdiv@dividend              cstackBANK1  000A2
___lwdiv@divisor               cstackBANK1  000A0
___lwdiv@quotient              cstackBANK1  000A5
___lwmod                       text10       019CB
___lwmod@counter               cstackBANK1  000A5
___lwmod@dividend              cstackBANK1  000A2
___lwmod@divisor               cstackBANK1  000A0
___lwtoft                      text23       01924
___lwtoft@c                    cstackBANK1  000A8
___sp                          stack        00000
___wmul                        text22       01964
___wmul@multiplicand           cstackBANK1  000A2
___wmul@multiplier             cstackBANK1  000A0
___wmul@product                cstackBANK1  000A4
__end_of_Adaptive_base_pid     text21       01800
__end_of_Delayms               text20       007FE
__end_of_Display               text43       006B4
__end_of_Displayarr            stringtext   0186E
__end_of_ISR_Function          intentry     004EC
__end_of_PWM_init              text19       01019
__end_of_SCANENCODER1          text17       01DEE
__end_of_SCANENCODER2          text15       01D6F
__end_of_Send_Byte             text5        0189F
__end_of_Timer0_init           text14       018ED
__end_of_Update_PWM            text33       019CB
__end_of___aldiv               text32       01EF2
__end_of___altoft              text30       01AAA
__end_of___ftadd               text29       00952
__end_of___ftdiv               text28       0116B
__end_of___ftge                text27       01A6D
__end_of___ftmul               text26       0137D
__end_of___ftneg               text25       01895
__end_of___ftpack              text31       01C27
__end_of___fttol               text24       02000
__end_of___lwdiv               text11       01A31
__end_of___lwmod               text10       019FA
__end_of___lwtoft              text23       01939
__end_of___wmul                text22       01982
__end_of__initialization       cinit        0056D
__end_of_capture_init          text13       018FE
__end_of_detect_display_error  text12       01215
__end_of_disp_hex_window1      text9        01C8B
__end_of_disp_hex_window2      text8        01CF1
__end_of_enc1_port             text18       01B66
__end_of_enc2_port             text16       01B07
__end_of_key_application       text7        007D6
__end_of_lookup_table          stringtext   01858
__end_of_main                  maintext     01000
__end_of_portpin_init          text6        01964
__end_of_send_status           text4        0194E
__end_of_system_init           text3        018A9
__end_of_transmittops          text2        0085C
__end_of_uart_init             text1        01924
__end_ofi1_Update_PWM          text42       019A4
__end_ofi1___aldiv             text41       01E70
__end_ofi1___ftadd             text39       01473
__end_ofi1___ftdiv             text38       010C2
__end_ofi1___ftmul             text37       012C9
__end_ofi1___ftpack            text40       01BC6
__end_ofi1___fttol             text36       01F79
__end_ofi1___lwtoft            text35       01911
__initialization               cinit        004EE
__pbssBANK0                    bssBANK0     00054
__pbssBANK2                    bssBANK2     00120
__pbssBANK3                    bssBANK3     001A0
__pbssBANK4                    bssBANK4     00220
__pbssBANK5                    bssBANK5     002A0
__pbssBANK6                    bssBANK6     00320
__pbssBIGRAM                   (abs)        02396
__pcstackBANK0                 cstackBANK0  00020
__pcstackBANK1                 cstackBANK1  000A0
__pcstackCOMMON                cstackCOMMON 00070
__pdataBANK0                   dataBANK0    0006F
__pdataBANK1                   dataBANK1    000EF
__pdataBANK2                   dataBANK2    00164
__pdataBANK3                   dataBANK3    001E0
__pdataBANK4                   dataBANK4    0025A
__pidataBANK0                  idataBANK0   007FE
__pidataBANK1                  idataBANK1   007FF
__pidataBANK2                  idataBANK2   018C1
__pidataBANK3                  idataBANK3   018CD
__pidataBANK4                  idataBANK4   00804
__pintentry                    intentry     00004
__pmaintext                    maintext     00952
__pstringtext                  stringtext   01800
__pswtext1                     swtext1      0186E
__ptext1                       text1        01911
__ptext10                      text10       019CB
__ptext11                      text11       019FA
__ptext12                      text12       0116B
__ptext13                      text13       018ED
__ptext14                      text14       018DC
__ptext15                      text15       01CF1
__ptext16                      text16       01AAA
__ptext17                      text17       01D6F
__ptext18                      text18       01B07
__ptext19                      text19       01000
__ptext2                       text2        00808
__ptext20                      text20       007D6
__ptext21                      text21       01473
__ptext22                      text22       01964
__ptext23                      text23       01924
__ptext24                      text24       01F79
__ptext25                      text25       0188C
__ptext26                      text26       012C9
__ptext27                      text27       01A31
__ptext28                      text28       010C2
__ptext29                      text29       0085C
__ptext3                       text3        0189F
__ptext30                      text30       01A6D
__ptext31                      text31       01BC6
__ptext32                      text32       01E70
__ptext33                      text33       019A4
__ptext35                      text35       018FE
__ptext36                      text36       01EF2
__ptext37                      text37       01215
__ptext38                      text38       01019
__ptext39                      text39       0137D
__ptext4                       text4        01939
__ptext40                      text40       01B66
__ptext41                      text41       01DEE
__ptext42                      text42       01982
__ptext43                      text43       00571
__ptext5                       text5        01895
__ptext6                       text6        0194E
__ptext7                       text7        006B4
__ptext8                       text8        01C8B
__ptext9                       text9        01C27
__size_of_Adaptive_base_pid    (abs)        00000
__size_of_Delayms              (abs)        00000
__size_of_Display              (abs)        00000
__size_of_ISR_Function         (abs)        00000
__size_of_PWM_init             (abs)        00000
__size_of_SCANENCODER1         (abs)        00000
__size_of_SCANENCODER2         (abs)        00000
__size_of_Send_Byte            (abs)        00000
__size_of_Timer0_init          (abs)        00000
__size_of_Update_PWM           (abs)        00000
__size_of___aldiv              (abs)        00000
__size_of___altoft             (abs)        00000
__size_of___ftadd              (abs)        00000
__size_of___ftdiv              (abs)        00000
__size_of___ftge               (abs)        00000
__size_of___ftmul              (abs)        00000
__size_of___ftneg              (abs)        00000
__size_of___ftpack             (abs)        00000
__size_of___fttol              (abs)        00000
__size_of___lwdiv              (abs)        00000
__size_of___lwmod              (abs)        00000
__size_of___lwtoft             (abs)        00000
__size_of___wmul               (abs)        00000
__size_of_capture_init         (abs)        00000
__size_of_detect_display_error (abs)        00000
__size_of_disp_hex_window1     (abs)        00000
__size_of_disp_hex_window2     (abs)        00000
__size_of_enc1_port            (abs)        00000
__size_of_enc2_port            (abs)        00000
__size_of_key_application      (abs)        00000
__size_of_main                 (abs)        00000
__size_of_portpin_init         (abs)        00000
__size_of_send_status          (abs)        00000
__size_of_system_init          (abs)        00000
__size_of_transmittops         (abs)        00000
__size_of_uart_init            (abs)        00000
__size_ofi1_Update_PWM         (abs)        00000
__size_ofi1___aldiv            (abs)        00000
__size_ofi1___ftadd            (abs)        00000
__size_ofi1___ftdiv            (abs)        00000
__size_ofi1___ftmul            (abs)        00000
__size_ofi1___ftpack           (abs)        00000
__size_ofi1___fttol            (abs)        00000
__size_ofi1___lwtoft           (abs)        00000
_adaptivepidf                  bssBANK2     00131
_arrptr                        bssBANK2     00132
_avgpperiod                    bssBANK2     0015D
_cEditfg                       bssBANK2     00133
_cWf2t4tmodefg                 bssBANK2     00134
_capintervalf                  bssBANK3     001D3
_capture_init                  text13       018ED
_chksum                        bssBANK2     00135
_closeloop1f                   bssBANK3     001D4
_closeloopf                    bssBANK2     00136
_comm_error_count              bssBANK2     00137
_commandu                      bssBANK2     00163
_controller_out                bssBANK4     00224
_count_1ms                     bssBANK3     001B6
_count_1msec                   bssBANK2     00138
_count_2ms                     bssBANK2     00139
_count_pid                     bssBANK3     001D5
_count_transms                 bssBANK4     0022A
_crater_speed                  bssBANK2     0013A
_creep_speed                   bssBANK2     0013B
_creepspeed                    bssBANK4     0022C
_cyclestrtf                    bssBANK2     0013C
_delay                         bssBANK4     0022E
_delinch                       bssBANK3     001B8
_delinch1                      bssBANK3     001BA
_detect_display_error          text12       0116B
_digit                         bssBANK0     0005C
_disp1term                     bssBANK4     00230
_disp2term                     bssBANK4     00232
_disp3term                     bssBANK4     00234
_disp4term                     bssBANK4     00236
_disp_hex_window1              text9        01C27
_disp_hex_window2              text8        01C8B
_disparclength                 bssBANK4     00238
_displayonf                    dataBANK3    001ED
_dispupdatef                   dataBANK0    0006F
_diswin1                       dataBANK2    00164
_enc1_port                     text18       01B07
_enc2_port                     text16       01AAA
_enccount                      bssBANK2     0013D
_encod1                        bssBANK0     0005D
_encod2                        bssBANK0     0005E
_error4                        bssBANK3     001D6
_error8                        bssBANK2     0013E
_error_code1                   bssBANK3     001D7
_error_code2                   bssBANK3     001D8
_error_new                     bssBANK3     001A0
_error_old                     bssBANK3     001A3
_erroru                        bssBANK2     0015F
_firstpulse1                   bssBANK2     0013F
_firstpulse2                   bssBANK2     00140
_fixintervalf                  bssBANK3     001D9
_gapfreq                       bssBANK4     0023A
_gaschkfg                      bssBANK2     00141
_i                             bssBANK0     0005F
_iTest                         bssBANK4     0023C
_igascntr                      bssBANK3     001BC
_iii                           bssBANK4     0023E
_ijk                           bssBANK2     00122
_inchcnt                       bssBANK0     0006C
_inchkeyon                     bssBANK3     001DA
_integral_new                  bssBANK3     001A6
_integral_old                  bssBANK3     001A9
_key                           dataBANK1    000EF
_key_application               text7        006B4
_kpressread                    bssBANK2     00142
_lmn                           bssBANK2     00124
_lookup_table                  stringtext   01800
_mahesh_test                   dataBANK4    0025A
_main                          maintext     00952
_maxfmspeed                    dataBANK3    001E7
_mili1_100                     bssBANK2     00143
_mili2_100                     bssBANK2     00144
_minfmspeed                    dataBANK3    001E9
_minoutmax                     bssBANK4     00227
_minus111                      bssBANK2     00145
_minus222                      bssBANK2     00146
_minuscount1                   bssBANK2     00147
_minuscount2                   bssBANK2     00148
_minuspara1                    bssBANK2     00149
_minuspara2                    bssBANK0     00060
_new1                          bssBANK0     00054
_new2                          bssBANK0     00056
_newsetwirespeed               bssBANK0     00069
_old1                          bssBANK3     001BE
_old2                          bssBANK3     001C0
_onesecf                       bssBANK0     00061
_openloopcnt                   bssBANK4     00240
_parclength                    dataBANK4    0025C
_pcount                        bssBANK2     0014A
_pfreq                         bssBANK2     00161
_pidParams2                    (abs)        02396
_plus111                       bssBANK2     0014B
_plus222                       bssBANK2     0014C
_pluscount1                    bssBANK2     0014D
_pluscount2                    bssBANK2     0014E
_pluspara1                     bssBANK2     0014F
_pluspara2                     bssBANK2     00150
_portbstatus                   bssBANK0     00062
_portpin_init                  text6        0194E
_pperiod                       bssBANK3     001C2
_pportb                        bssBANK2     00151
_prevFltpfreq                  bssBANK4     00242
_prevTORCH                     dataBANK2    0016D
_prevkey                       dataBANK2    0016E
_prevsetcurrent                bssBANK3     001C4
_prevsetvoltage                bssBANK3     001C6
_prevsetwirespeed              bssBANK3     001C8
_psstatusu                     bssBANK0     0006D
_pstowfstru                    bssBANK4     00244
_read_enc1f                    bssBANK2     00152
_rec_arr                       bssBANK5     002A0
_recchksum                     bssBANK2     00153
_recpsstatus                   bssBANK2     00126
_recstatus                     bssBANK3     001CA
_rel_wirespeed                 bssBANK3     001CC
_rxdata                        bssBANK0     00063
_scaled_baseval2               bssBANK3     001CE
_scalefactor2                  dataBANK3    001EB
_secondpulse1                  bssBANK2     00154
_secondpulse2                  bssBANK2     00155
_send_status                   text4        01939
_send_statusf                  bssBANK2     00156
_setcurrent                    bssBANK2     00128
_setpfreq                      bssBANK3     001D0
_setvoltage                    bssBANK0     00058
_setwirespeed                  bssBANK0     0005A
_softstartf                    bssBANK3     001DB
_startptr1                     bssBANK0     00064
_statusptr1                    bssBANK2     0012A
_system_init                   text3        0189F
_tans                          bssBANK2     00157
_temp                          bssBANK0     00065
_togglepin                     dataBANK3    001EE
_torchonf                      bssBANK3     001DC
_torchstatus1                  bssBANK2     00158
_torchstatus2                  bssBANK2     00159
_transmitonf                   bssBANK2     0015A
_transmittops                  text2        00808
_txonf                         bssBANK3     001DD
_uart_init                     text1        01911
_universal_error               bssBANK2     0015B
_universal_error_latch         bssBANK2     0015C
_updatedispf                   bssBANK3     001DE
_weldmode                      bssBANK0     00066
_wfspeedchangef                dataBANK2    0016F
_wfstatusbyte                  bssBANK3     001DF
_wfstatusu                     bssBANK0     0006E
btemp                          (abs)        0007E
clear_ram0                     clrtext      018B5
disp_hex_window1@hex_data      cstackBANK1  000A8
disp_hex_window2@hex_data      cstackBANK1  000A8
enc1_port@portvalue            cstackBANK1  000A4
enc2_port@portvalue            cstackBANK1  000A3
end_of_initialization          cinit        0056D
i1Update_PWM@Dutycnt           cstackCOMMON 00076
i1Update_PWM@Temp1             cstackCOMMON 00074
i1Update_PWM@setwsduty         cstackCOMMON 00070
i1_Update_PWM                  text42       01982
i1___aldiv                     text41       01DEE
i1___aldiv@counter             cstackBANK0  00020
i1___aldiv@dividend            cstackCOMMON 00074
i1___aldiv@divisor             cstackCOMMON 00070
i1___aldiv@quotient            cstackBANK0  00022
i1___aldiv@sign                cstackBANK0  00021
i1___ftadd                     text39       0137D
i1___ftadd@exp1                cstackBANK0  0003C
i1___ftadd@exp2                cstackBANK0  0003B
i1___ftadd@f1                  cstackBANK0  00030
i1___ftadd@f2                  cstackBANK0  00033
i1___ftadd@sign                cstackBANK0  0003A
i1___ftdiv                     text38       01019
i1___ftdiv@cntr                cstackBANK0  0002A
i1___ftdiv@exp                 cstackBANK0  0002E
i1___ftdiv@f1                  cstackBANK0  00023
i1___ftdiv@f2                  cstackBANK0  00020
i1___ftdiv@f3                  cstackBANK0  0002B
i1___ftdiv@sign                cstackBANK0  0002F
i1___ftmul                     text37       01215
i1___ftmul@cntr                cstackBANK0  0002E
i1___ftmul@exp                 cstackBANK0  0002A
i1___ftmul@f1                  cstackBANK0  00020
i1___ftmul@f2                  cstackBANK0  00023
i1___ftmul@f3_as_product       cstackBANK0  0002B
i1___ftmul@sign                cstackBANK0  0002F
i1___ftpack                    text40       01B66
i1___ftpack@arg                cstackCOMMON 00070
i1___ftpack@exp                cstackCOMMON 00073
i1___ftpack@sign               cstackCOMMON 00074
i1___fttol                     text36       01EF2
i1___fttol@exp1                cstackBANK0  0004A
i1___fttol@f1                  cstackBANK0  0003D
i1___fttol@lval                cstackBANK0  00046
i1___fttol@sign1               cstackBANK0  00045
i1___lwtoft                    text35       018FE
i1___lwtoft@c                  cstackCOMMON 00078
init_ram                       inittext     018A9
intlevel0                      functab      00000
intlevel1                      functab      00000
intlevel2                      functab      00000
intlevel3                      functab      00000
intlevel4                      functab      00000
intlevel5                      functab      00000
key_application@keypress       cstackBANK1  000DD
ltemp                          (abs)        0007E
ltemp0                         (abs)        0007E
ltemp1                         (abs)        00082
ltemp2                         (abs)        00086
ltemp3                         (abs)        00080
pic14e$flags                   (abs)        0007E
reset_vec                      reset_vec    00000
stackhi                        (abs)        0231F
stacklo                        (abs)        02229
start                          init         004EC
start_initialization           cinit        004EE
ttemp                          (abs)        0007E
ttemp0                         (abs)        0007E
ttemp1                         (abs)        00081
ttemp2                         (abs)        00084
ttemp3                         (abs)        00087
ttemp4                         (abs)        0007F
wtemp                          (abs)        0007E
wtemp0                         (abs)        0007E
wtemp1                         (abs)        00080
wtemp2                         (abs)        00082
wtemp3                         (abs)        00084
wtemp4                         (abs)        00086
wtemp5                         (abs)        00088
wtemp6                         (abs)        0007F


FUNCTION INFORMATION:

 *************** function _main *****************
 Defined at:
		line 481 in file "main.c"
 Parameters:    Size  Location     Type
		None
 Auto vars:     Size  Location     Type
		None
 Return value:  Size  Location     Type
		None               void
 Registers used:
		wreg, fsr1l, fsr1h, status,2, status,0, pclath, cstack
 Tracked objects:
		On entry : 
		On exit  : 
		Unchanged: 
 Data sizes:     COMMON   BANK0   BANK1   BANK2   BANK3   BANK4   BANK5   BANK6   BANK7   BANK8   BANK9  BANK10  BANK11  BANK12
      Params:         0       0       0       0       0       0       0       0       0       0       0       0       0       0
      Locals:         0       0       0       0       0       0       0       0       0       0       0       0       0       0
      Temps:          0       0       2       0       0       0       0       0       0       0       0       0       0       0
      Totals:         0       0       2       0       0       0       0       0       0       0       0       0       0       0
Total ram usage:        2 bytes
 Hardware stack levels required when called:    6
 This function calls:
		_Adaptive_base_pid
		_Delayms
		_PWM_init
		_SCANENCODER1
		_SCANENCODER2
		_Timer0_init
		_Update_PWM
		___ftmul
		___fttol
		___lwtoft
		___wmul
		_capture_init
		_detect_display_error
		_disp_hex_window1
		_disp_hex_window2
		_key_application
		_portpin_init
		_send_status
		_system_init
		_transmittops
		_uart_init
 This function is called by:
		Startup code after reset
 This function uses a non-reentrant model


 *************** function _uart_init *****************
 Defined at:
		line 1178 in file "main.c"
 Parameters:    Size  Location     Type
		None
 Auto vars:     Size  Location     Type
		None
 Return value:  Size  Location     Type
		None               void
 Registers used:
		wreg
 Tracked objects:
		On entry : 
		On exit  : 
		Unchanged: 
 Data sizes:     COMMON   BANK0   BANK1   BANK2   BANK3   BANK4   BANK5   BANK6   BANK7   BANK8   BANK9  BANK10  BANK11  BANK12
      Params:         0       0       0       0       0       0       0       0       0       0       0       0       0       0
      Locals:         0       0       0       0       0       0       0       0       0       0       0       0       0       0
      Temps:          0       0       0       0       0       0       0       0       0       0       0       0       0       0
      Totals:         0       0       0       0       0       0       0       0       0       0       0       0       0       0
Total ram usage:        0 bytes
 Hardware stack levels used:    1
 Hardware stack levels required when called:    3
 This function calls:
		Nothing
 This function is called by:
		_main
 This function uses a non-reentrant model


 *************** function _transmittops *****************
 Defined at:
		line 1220 in file "main.c"
 Parameters:    Size  Location     Type
		None
 Auto vars:     Size  Location     Type
		None
 Return value:  Size  Location     Type
		None               void
 Registers used:
		wreg, fsr1l, fsr1h, status,2, status,0, pclath, cstack
 Tracked objects:
		On entry : 
		On exit  : 
		Unchanged: 
 Data sizes:     COMMON   BANK0   BANK1   BANK2   BANK3   BANK4   BANK5   BANK6   BANK7   BANK8   BANK9  BANK10  BANK11  BANK12
      Params:         0       0       0       0       0       0       0       0       0       0       0       0       0       0
      Locals:         0       0       0       0       0       0       0       0       0       0       0       0       0       0
      Temps:          0       0       1       0       0       0       0       0       0       0       0       0       0       0
      Totals:         0       0       1       0       0       0       0       0       0       0       0       0       0       0
Total ram usage:        1 bytes
 Hardware stack levels used:    1
 Hardware stack levels required when called:    4
 This function calls:
		_Send_Byte
 This function is called by:
		_main
 This function uses a non-reentrant model


 *************** function _system_init *****************
 Defined at:
		line 1085 in file "main.c"
 Parameters:    Size  Location     Type
		None
 Auto vars:     Size  Location     Type
		None
 Return value:  Size  Location     Type
		None               void
 Registers used:
		wreg, status,2, status,0
 Tracked objects:
		On entry : 
		On exit  : 
		Unchanged: 
 Data sizes:     COMMON   BANK0   BANK1   BANK2   BANK3   BANK4   BANK5   BANK6   BANK7   BANK8   BANK9  BANK10  BANK11  BANK12
      Params:         0       0       0       0       0       0       0       0       0       0       0       0       0       0
      Locals:         0       0       0       0       0       0       0       0       0       0       0       0       0       0
      Temps:          0       0       0       0       0       0       0       0       0       0       0       0       0       0
      Totals:         0       0       0       0       0       0       0       0       0       0       0       0       0       0
Total ram usage:        0 bytes
 Hardware stack levels used:    1
 Hardware stack levels required when called:    3
 This function calls:
		Nothing
 This function is called by:
		_main
 This function uses a non-reentrant model


 *************** function _send_status *****************
 Defined at:
		line 1254 in file "main.c"
 Parameters:    Size  Location     Type
		None
 Auto vars:     Size  Location     Type
		None
 Return value:  Size  Location     Type
		None               void
 Registers used:
		wreg, status,2, status,0, pclath, cstack
 Tracked objects:
		On entry : 
		On exit  : 
		Unchanged: 
 Data sizes:     COMMON   BANK0   BANK1   BANK2   BANK3   BANK4   BANK5   BANK6   BANK7   BANK8   BANK9  BANK10  BANK11  BANK12
      Params:         0       0       0       0       0       0       0       0       0       0       0       0       0       0
      Locals:         0       0       0       0       0       0       0       0       0       0       0       0       0       0
      Temps:          0       0       1       0       0       0       0       0       0       0       0       0       0       0
      Totals:         0       0       1       0       0       0       0       0       0       0       0       0       0       0
Total ram usage:        1 bytes
 Hardware stack levels used:    1
 Hardware stack levels required when called:    4
 This function calls:
		_Send_Byte
 This function is called by:
		_main
 This function uses a non-reentrant model


 *************** function _Send_Byte *****************
 Defined at:
		line 1211 in file "main.c"
 Parameters:    Size  Location     Type
  transbyte       1    wreg     unsigned char 
 Auto vars:     Size  Location     Type
  transbyte       1    0[BANK1 ] unsigned char 
 Return value:  Size  Location     Type
		None               void
 Registers used:
		wreg
 Tracked objects:
		On entry : 
		On exit  : 
		Unchanged: 
 Data sizes:     COMMON   BANK0   BANK1   BANK2   BANK3   BANK4   BANK5   BANK6   BANK7   BANK8   BANK9  BANK10  BANK11  BANK12
      Params:         0       0       0       0       0       0       0       0       0       0       0       0       0       0
      Locals:         0       0       1       0       0       0       0       0       0       0       0       0       0       0
      Temps:          0       0       0       0       0       0       0       0       0       0       0       0       0       0
      Totals:         0       0       1       0       0       0       0       0       0       0       0       0       0       0
Total ram usage:        1 bytes
 Hardware stack levels used:    1
 Hardware stack levels required when called:    3
 This function calls:
		Nothing
 This function is called by:
		_transmittops
		_send_status
 This function uses a non-reentrant model


 *************** function _portpin_init *****************
 Defined at:
		line 1095 in file "main.c"
 Parameters:    Size  Location     Type
		None
 Auto vars:     Size  Location     Type
		None
 Return value:  Size  Location     Type
		None               void
 Registers used:
		wreg, status,2
 Tracked objects:
		On entry : 
		On exit  : 
		Unchanged: 
 Data sizes:     COMMON   BANK0   BANK1   BANK2   BANK3   BANK4   BANK5   BANK6   BANK7   BANK8   BANK9  BANK10  BANK11  BANK12
      Params:         0       0       0       0       0       0       0       0       0       0       0       0       0       0
      Locals:         0       0       0       0       0       0       0       0       0       0       0       0       0       0
      Temps:          0       0       0       0       0       0       0       0       0       0       0       0       0       0
      Totals:         0       0       0       0       0       0       0       0       0       0       0       0       0       0
Total ram usage:        0 bytes
 Hardware stack levels used:    1
 Hardware stack levels required when called:    3
 This function calls:
		Nothing
 This function is called by:
		_main
 This function uses a non-reentrant model


 *************** function _key_application *****************
 Defined at:
		line 945 in file "main.c"
 Parameters:    Size  Location     Type
  keypress        1    wreg     unsigned char 
 Auto vars:     Size  Location     Type
  keypress        1   61[BANK1 ] unsigned char 
 Return value:  Size  Location     Type
		None               void
 Registers used:
		wreg, status,2, status,0, pclath, cstack
 Tracked objects:
		On entry : 
		On exit  : 
		Unchanged: 
 Data sizes:     COMMON   BANK0   BANK1   BANK2   BANK3   BANK4   BANK5   BANK6   BANK7   BANK8   BANK9  BANK10  BANK11  BANK12
      Params:         0       0       0       0       0       0       0       0       0       0       0       0       0       0
      Locals:         0       0       1       0       0       0       0       0       0       0       0       0       0       0
      Temps:          0       0       2       0       0       0       0       0       0       0       0       0       0       0
      Totals:         0       0       3       0       0       0       0       0       0       0       0       0       0       0
Total ram usage:        3 bytes
 Hardware stack levels used:    1
 Hardware stack levels required when called:    5
 This function calls:
		_Update_PWM
		___wmul
		_disp_hex_window2
 This function is called by:
		_main
 This function uses a non-reentrant model


 *************** function _disp_hex_window2 *****************
 Defined at:
		line 164 in file "DISPLAY.C"
 Parameters:    Size  Location     Type
  hex_data        2    8[BANK1 ] unsigned int 
 Auto vars:     Size  Location     Type
		None
 Return value:  Size  Location     Type
		None               void
 Registers used:
		wreg, status,2, status,0, pclath, cstack
 Tracked objects:
		On entry : 
		On exit  : 
		Unchanged: 
 Data sizes:     COMMON   BANK0   BANK1   BANK2   BANK3   BANK4   BANK5   BANK6   BANK7   BANK8   BANK9  BANK10  BANK11  BANK12
      Params:         0       0       2       0       0       0       0       0       0       0       0       0       0       0
      Locals:         0       0       0       0       0       0       0       0       0       0       0       0       0       0
      Temps:          0       0       1       0       0       0       0       0       0       0       0       0       0       0
      Totals:         0       0       3       0       0       0       0       0       0       0       0       0       0       0
Total ram usage:        3 bytes
 Hardware stack levels used:    1
 Hardware stack levels required when called:    4
 This function calls:
		___lwdiv
		___lwmod
 This function is called by:
		_main
		_key_application
 This function uses a non-reentrant model


 *************** function _disp_hex_window1 *****************
 Defined at:
		line 152 in file "DISPLAY.C"
 Parameters:    Size  Location     Type
  hex_data        2    8[BANK1 ] unsigned int 
 Auto vars:     Size  Location     Type
		None
[...]
 Parameters:    Size  Location     Type
  setwsduty       2   51[BANK1 ] unsigned int 
 Auto vars:     Size  Location     Type
  Dutycnt         2   57[BANK1 ] unsigned int 
  Temp1           2   55[BANK1 ] unsigned int 
 Return value:  Size  Location     Type
		None               void
 Registers used:
		wreg, status,2, status,0
 Tracked objects:
		On entry : 
		On exit  : 
		Unchanged: 
 Data sizes:     COMMON   BANK0   BANK1   BANK2   BANK3   BANK4   BANK5   BANK6   BANK7   BANK8   BANK9  BANK10  BANK11  BANK12
      Params:         0       0       2       0       0       0       0       0       0       0       0       0       0       0
      Locals:         0       0       4       0       0       0       0       0       0       0       0       0       0       0
      Temps:          0       0       2       0       0       0       0       0       0       0       0       0       0       0
      Totals:         0       0       8       0       0       0       0       0       0       0       0       0       0       0
Total ram usage:        8 bytes
 Hardware stack levels used:    1
 Hardware stack levels required when called:    3
 This function calls:
		Nothing
 This function is called by:
		_Adaptive_base_pid
		_main
		_key_application
		_detect_display_error
 This function uses a non-reentrant model


 *************** function _ISR_Function *****************
 Defined at:
		line 41 in file "main.c"
 Parameters:    Size  Location     Type
		None
 Auto vars:     Size  Location     Type
		None
 Return value:  Size  Location     Type
		None               void
 Registers used:
		wreg, fsr0l, fsr0h, fsr1l, fsr1h, status,2, status,0, pclath, cstack
 Tracked objects:
		On entry : 
		On exit  : 
		Unchanged: 
 Data sizes:     COMMON   BANK0   BANK1   BANK2   BANK3   BANK4   BANK5   BANK6   BANK7   BANK8   BANK9  BANK10  BANK11  BANK12
      Params:         0       0       0       0       0       0       0       0       0       0       0       0       0       0
      Locals:         2       0       0       0       0       0       0       0       0       0       0       0       0       0
      Temps:          0       9       0       0       0       0       0       0       0       0       0       0       0       0
      Totals:         2       9       0       0       0       0       0       0       0       0       0       0       0       0
Total ram usage:       11 bytes
 Hardware stack levels used:    1
 Hardware stack levels required when called:    2
 This function calls:
		_Display
		i1_Update_PWM
		i1___aldiv
		i1___ftadd
		i1___ftdiv
		i1___ftmul
		i1___fttol
		i1___lwtoft
 This function is called by:
		Interrupt level 1
 This function uses a non-reentrant model


 *************** function i1___lwtoft *****************
 Defined at:
		line 28 in file "C:\Program Files\Microchip\xc8\v1.33\sources\common\lwtoft.c"
 Parameters:    Size  Location     Type
  c               2    8[COMMON] unsigned int 
 Auto vars:     Size  Location     Type
		None
 Return value:  Size  Location     Type
                  3    8[COMMON] float 
 Registers used:
		wreg, status,2, status,0, pclath, cstack
 Tracked objects:
		On entry : 
		On exit  : 
		Unchanged: 
 Data sizes:     COMMON   BANK0   BANK1   BANK2   BANK3   BANK4   BANK5   BANK6   BANK7   BANK8   BANK9  BANK10  BANK11  BANK12
      Params:         3       0       0       0       0       0       0       0       0       0       0       0       0       0
      Locals:         0       0       0       0       0       0       0       0       0       0       0       0       0       0
      Temps:          1       0       0       0       0       0       0       0       0       0       0       0       0       0
      Totals:         4       0       0       0       0       0       0       0       0       0       0       0       0       0
Total ram usage:        4 bytes
 Hardware stack levels used:    1
 Hardware stack levels required when called:    1
 This function calls:
		i1___ftpack
 This function is called by:
		_ISR_Function
 This function uses a non-reentrant model


 *************** function i1___fttol *****************
 Defined at:
		line 44 in file "C:\Program Files\Microchip\xc8\v1.33\sources\common\fttol.c"
 Parameters:    Size  Location     Type
  f1              3   29[BANK0 ] float 
 Auto vars:     Size  Location     Type
  __fttol         4   38[BANK0 ] unsigned long 
  __fttol         1   42[BANK0 ] unsigned char 
  __fttol         1   37[BANK0 ] unsigned char 
 Return value:  Size  Location     Type
                  4   29[BANK0 ] long 
 Registers used:
		wreg, status,2, status,0
 Tracked objects:
		On entry : 
		On exit  : 
		Unchanged: 
 Data sizes:     COMMON   BANK0   BANK1   BANK2   BANK3   BANK4   BANK5   BANK6   BANK7   BANK8   BANK9  BANK10  BANK11  BANK12
      Params:         0       4       0       0       0       0       0       0       0       0       0       0       0       0
      Locals:         0       6       0       0       0       0       0       0       0       0       0       0       0       0
      Temps:          0       4       0       0       0       0       0       0       0       0       0       0       0       0
      Totals:         0      14       0       0       0       0       0       0       0       0       0       0       0       0
Total ram usage:       14 bytes
 Hardware stack levels used:    1
 This function calls:
		Nothing
 This function is called by:
		_ISR_Function
 This function uses a non-reentrant model


 *************** function i1___ftmul *****************
 Defined at:
		line 62 in file "C:\Program Files\Microchip\xc8\v1.33\sources\common\ftmul.c"
 Parameters:    Size  Location     Type
  f1              3    0[BANK0 ] float 
  f2              3    3[BANK0 ] float 
 Auto vars:     Size  Location     Type
  __ftmul         3   11[BANK0 ] unsigned um
  __ftmul         1   15[BANK0 ] unsigned char 
  __ftmul         1   14[BANK0 ] unsigned char 
  __ftmul         1   10[BANK0 ] unsigned char 
 Return value:  Size  Location     Type
                  3    0[BANK0 ] float 
 Registers used:
		wreg, status,2, status,0, pclath, cstack
 Tracked objects:
		On entry : 
		On exit  : 
		Unchanged: 
 Data sizes:     COMMON   BANK0   BANK1   BANK2   BANK3   BANK4   BANK5   BANK6   BANK7   BANK8   BANK9  BANK10  BANK11  BANK12
      Params:         0       6       0       0       0       0       0       0       0       0       0       0       0       0
      Locals:         0       6       0       0       0       0       0       0       0       0       0       0       0       0
      Temps:          0       4       0       0       0       0       0       0       0       0       0       0       0       0
      Totals:         0      16       0       0       0       0       0       0       0       0       0       0       0       0
Total ram usage:       16 bytes
 Hardware stack levels used:    1
 Hardware stack levels required when called:    1
 This function calls:
		i1___ftpack
 This function is called by:
		_ISR_Function
 This function uses a non-reentrant model


 *************** function i1___ftdiv *****************
 Defined at:
		line 49 in file "C:\Program Files\Microchip\xc8\v1.33\sources\pic\ftdiv.c"
 Parameters:    Size  Location     Type
  f2              3    0[BANK0 ] float 
  f1              3    3[BANK0 ] float 
 Auto vars:     Size  Location     Type
  __ftdiv         3   11[BANK0 ] float 
  __ftdiv         1   15[BANK0 ] unsigned char 
  __ftdiv         1   14[BANK0 ] unsigned char 
  __ftdiv         1   10[BANK0 ] unsigned char 
 Return value:  Size  Location     Type
                  3    0[BANK0 ] float 
 Registers used:
		wreg, status,2, status,0, pclath, cstack
 Tracked objects:
		On entry : 
		On exit  : 
		Unchanged: 
 Data sizes:     COMMON   BANK0   BANK1   BANK2   BANK3   BANK4   BANK5   BANK6   BANK7   BANK8   BANK9  BANK10  BANK11  BANK12
      Params:         0       6       0       0       0       0       0       0       0       0       0       0       0       0
      Locals:         0       6       0       0       0       0       0       0       0       0       0       0       0       0
      Temps:          0       4       0       0       0       0       0       0       0       0       0       0       0       0
      Totals:         0      16       0       0       0       0       0       0       0       0       0       0       0       0
Total ram usage:       16 bytes
 Hardware stack levels used:    1
 Hardware stack levels required when called:    1
 This function calls:
		i1___ftpack
 This function is called by:
		_ISR_Function
 This function uses a non-reentrant model


 *************** function i1___ftadd *****************
 Defined at:
		line 86 in file "C:\Program Files\Microchip\xc8\v1.33\sources\common\ftadd.c"
 Parameters:    Size  Location     Type
  f1              3   16[BANK0 ] float 
  f2              3   19[BANK0 ] float 
 Auto vars:     Size  Location     Type
  __ftadd         1   28[BANK0 ] unsigned char 
  __ftadd         1   27[BANK0 ] unsigned char 
  __ftadd         1   26[BANK0 ] unsigned char 
 Return value:  Size  Location     Type
                  3   16[BANK0 ] float 
 Registers used:
		wreg, status,2, status,0, pclath, cstack
 Tracked objects:
		On entry : 
		On exit  : 
		Unchanged: 
 Data sizes:     COMMON   BANK0   BANK1   BANK2   BANK3   BANK4   BANK5   BANK6   BANK7   BANK8   BANK9  BANK10  BANK11  BANK12
      Params:         0       6       0       0       0       0       0       0       0       0       0       0       0       0
      Locals:         0       3       0       0       0       0       0       0       0       0       0       0       0       0
      Temps:          0       4       0       0       0       0       0       0       0       0       0       0       0       0
      Totals:         0      13       0       0       0       0       0       0       0       0       0       0       0       0
Total ram usage:       13 bytes
 Hardware stack levels used:    1
 Hardware stack levels required when called:    1
 This function calls:
		i1___ftpack
 This function is called by:
		_ISR_Function
 This function uses a non-reentrant model


 *************** function i1___ftpack *****************
 Defined at:
		line 62 in file "C:\Program Files\Microchip\xc8\v1.33\sources\common\float.c"
 Parameters:    Size  Location     Type
  arg             3    0[COMMON] unsigned um
  exp             1    3[COMMON] unsigned char 
  sign            1    4[COMMON] unsigned char 
 Auto vars:     Size  Location     Type
		None
 Return value:  Size  Location     Type
                  3    0[COMMON] float 
 Registers used:
		wreg, status,2, status,0
 Tracked objects:
		On entry : 
		On exit  : 
		Unchanged: 
 Data sizes:     COMMON   BANK0   BANK1   BANK2   BANK3   BANK4   BANK5   BANK6   BANK7   BANK8   BANK9  BANK10  BANK11  BANK12
      Params:         5       0       0       0       0       0       0       0       0       0       0       0       0       0
      Locals:         0       0       0       0       0       0       0       0       0       0       0       0       0       0
      Temps:          3       0       0       0       0       0       0       0       0       0       0       0       0       0
      Totals:         8       0       0       0       0       0       0       0       0       0       0       0       0       0
Total ram usage:        8 bytes
 Hardware stack levels used:    1
 This function calls:
		Nothing
 This function is called by:
		i1___ftadd
		i1___ftdiv
		i1___ftmul
		i1___lwtoft
 This function uses a non-reentrant model


 *************** function i1___aldiv *****************
 Defined at:
		line 6 in file "C:\Program Files\Microchip\xc8\v1.33\sources\common\aldiv.c"
 Parameters:    Size  Location     Type
  divisor         4    0[COMMON] long 
  dividend        4    4[COMMON] long 
 Auto vars:     Size  Location     Type
  __aldiv         4    2[BANK0 ] long 
  __aldiv         1    1[BANK0 ] unsigned char 
  __aldiv         1    0[BANK0 ] unsigned char 
 Return value:  Size  Location     Type
                  4    0[COMMON] long 
 Registers used:
		wreg, status,2, status,0
 Tracked objects:
		On entry : 
		On exit  : 
		Unchanged: 
 Data sizes:     COMMON   BANK0   BANK1   BANK2   BANK3   BANK4   BANK5   BANK6   BANK7   BANK8   BANK9  BANK10  BANK11  BANK12
      Params:         8       0       0       0       0       0       0       0       0       0       0       0       0       0
      Locals:         0       6       0       0       0       0       0       0       0       0       0       0       0       0
      Temps:          1       0       0       0       0       0       0       0       0       0       0       0       0       0
      Totals:         9       6       0       0       0       0       0       0       0       0       0       0       0       0
Total ram usage:       15 bytes
 Hardware stack levels used:    1
 This function calls:
		Nothing
 This function is called by:
		_ISR_Function
 This function uses a non-reentrant model


 *************** function i1_Update_PWM *****************
 Defined at:
		line 1150 in file "main.c"
 Parameters:    Size  Location     Type
  setwsduty       2    0[COMMON] unsigned int 
 Auto vars:     Size  Location     Type
  Update_PWM      2    6[COMMON] unsigned int 
  Update_PWM      2    4[COMMON] unsigned int 
 Return value:  Size  Location     Type
		None               void
 Registers used:
		wreg, status,2, status,0
 Tracked objects:
		On entry : 
		On exit  : 
		Unchanged: 
 Data sizes:     COMMON   BANK0   BANK1   BANK2   BANK3   BANK4   BANK5   BANK6   BANK7   BANK8   BANK9  BANK10  BANK11  BANK12
      Params:         2       0       0       0       0       0       0       0       0       0       0       0       0       0
      Locals:         4       0       0       0       0       0       0       0       0       0       0       0       0       0
      Temps:          2       0       0       0       0       0       0       0       0       0       0       0       0       0
      Totals:         8       0       0       0       0       0       0       0       0       0       0       0       0       0
Total ram usage:        8 bytes
 Hardware stack levels used:    1
 This function calls:
		Nothing
 This function is called by:
		_ISR_Function
 This function uses a non-reentrant model


 *************** function _Display *****************
 Defined at:
		line 8 in file "DISPLAY.C"
 Parameters:    Size  Location     Type
		None
 Auto vars:     Size  Location     Type
		None
 Return value:  Size  Location     Type
		None               void
 Registers used:
		wreg, fsr0l, fsr0h, fsr1l, fsr1h, status,2, status,0, pclath
 Tracked objects:
		On entry : 
		On exit  : 
		Unchanged: 
 Data sizes:     COMMON   BANK0   BANK1   BANK2   BANK3   BANK4   BANK5   BANK6   BANK7   BANK8   BANK9  BANK10  BANK11  BANK12
      Params:         0       0       0       0       0       0       0       0       0       0       0       0       0       0
      Locals:         0       0       0       0       0       0       0       0       0       0       0       0       0       0
      Temps:          2       0       0       0       0       0       0       0       0       0       0       0       0       0
      Totals:         2       0       0       0       0       0       0       0       0       0       0       0       0       0
Total ram usage:        2 bytes
 Hardware stack levels used:    1
 This function calls:
		Nothing
 This function is called by:
		_ISR_Function
 This function uses a non-reentrant model



MODULE INFORMATION

Module		Function		Class		Link	Load	Size
C:\Program Files\Microchip\xc8\v1.33\sources\common\ftge.c
		___ftge        		CODE           	1A31	0000	60

C:\Program Files\Microchip\xc8\v1.33\sources\common\ftge.c estimated size: 60

C:\Program Files\Microchip\xc8\v1.33\sources\common\ftmul.c
		___ftmul       		CODE           	12C9	0000	180

C:\Program Files\Microchip\xc8\v1.33\sources\common\ftmul.c estimated size: 180

C:\Program Files\Microchip\xc8\v1.33\sources\common\lwdiv.c
		___lwdiv       		CODE           	19FA	0000	55

C:\Program Files\Microchip\xc8\v1.33\sources\common\lwdiv.c estimated size: 55

C:\Program Files\Microchip\xc8\v1.33\sources\common\altoft.c
		___altoft      		CODE           	1A6D	0000	61

C:\Program Files\Microchip\xc8\v1.33\sources\common\altoft.c estimated size: 61

MOTORCONTROL.C
		_Adaptive_base_		CODE           	1473	0000	909

MOTORCONTROL.C estimated size: 909

C:\Program Files\Microchip\xc8\v1.33\sources\common\aldiv.c
		___aldiv       		CODE           	1E70	0000	130

C:\Program Files\Microchip\xc8\v1.33\sources\common\aldiv.c estimated size: 130

C:\Program Files\Microchip\xc8\v1.33\sources\common\fttol.c
		___fttol       		CODE           	1F79	0000	135

C:\Program Files\Microchip\xc8\v1.33\sources\common\fttol.c estimated size: 135

C:\Program Files\Microchip\xc8\v1.33\sources\common\lwtoft.c
		___lwtoft      		CODE           	1924	0000	21

C:\Program Files\Microchip\xc8\v1.33\sources\common\lwtoft.c estimated size: 21

C:\Program Files\Microchip\xc8\v1.33\sources\common\ftadd.c
		___ftadd       		CODE           	085C	0000	246

C:\Program Files\Microchip\xc8\v1.33\sources\common\ftadd.c estimated size: 246

DISPLAY.C
		_Delayms       		CODE           	07D6	0000	40
		_disp_hex_windo		CODE           	1C27	0000	100
		_disp_hex_windo		CODE           	1C8B	0000	102
		_Display       		CODE           	0571	0000	323

DISPLAY.C estimated size: 565

shared
		i1___ftadd     		CODE           	137D	0000	246
		i1___ftdiv     		CODE           	1019	0000	169
		i1___fttol     		CODE           	1EF2	0000	135
		i1___lwtoft    		CODE           	18FE	0000	19
		i1___ftmul     		CODE           	1215	0000	180
		i1_Update_PWM  		CODE           	1982	0000	34
		i1___ftpack    		CODE           	1B66	0000	96
		__initializatio		CODE           	04EE	0000	127
		i1___aldiv     		CODE           	1DEE	0000	130
		_lookup_table  		STRCODE        	1800	0000	88
		_Displayarr    		STRCODE        	1858	0000	22

shared estimated size: 1246

ENCODER.C
		_enc1_port     		CODE           	1B07	0000	95
		_enc2_port     		CODE           	1AAA	0000	93
		_SCANENCODER1  		CODE           	1D6F	0000	127
		_SCANENCODER2  		CODE           	1CF1	0000	126

ENCODER.C estimated size: 441

C:\Program Files\Microchip\xc8\v1.33\sources\common\Umul16.c
		___wmul        		CODE           	1964	0000	30

C:\Program Files\Microchip\xc8\v1.33\sources\common\Umul16.c estimated size: 30

C:\Program Files\Microchip\xc8\v1.33\sources\common\ftneg.c
		___ftneg       		CODE           	188C	0000	9

C:\Program Files\Microchip\xc8\v1.33\sources\common\ftneg.c estimated size: 9

C:\Program Files\Microchip\xc8\v1.33\sources\common\float.c
		___ftpack      		CODE           	1BC6	0000	97

C:\Program Files\Microchip\xc8\v1.33\sources\common\float.c estimated size: 97

main.c
		_system_init   		CODE           	189F	0000	10
		_Update_PWM    		CODE           	19A4	0000	39
		_Timer0_init   		CODE           	18DC	0000	17
		_main          		CODE           	0952	0000	1710
		_ISR_Function  		CODE           	0004	0000	1256
		_PWM_init      		CODE           	1000	0000	25
		_uart_init     		CODE           	1911	0000	19
		_send_status   		CODE           	1939	0000	21
		_key_applicatio		CODE           	06B4	0000	290
		_detect_display		CODE           	116B	0000	170
		_portpin_init  		CODE           	194E	0000	22
		_Send_Byte     		CODE           	1895	0000	10
		_capture_init  		CODE           	18ED	0000	17
		_transmittops  		CODE           	0808	0000	84

main.c estimated size: 3690

C:\Program Files\Microchip\xc8\v1.33\sources\pic\ftdiv.c
		___ftdiv       		CODE           	10C2	0000	169

C:\Program Files\Microchip\xc8\v1.33\sources\pic\ftdiv.c estimated size: 169

C:\Program Files\Microchip\xc8\v1.33\sources\common\lwmod.c
		___lwmod       		CODE           	19CB	0000	47

C:\Program Files\Microchip\xc8\v1.33\sources\common\lwmod.c estimated size: 47

