Microchip Technology Inc, v1.40 (A)

Tool Name:
  c:\program files (x86)\microchip\xc16\v1.40\bin\bin\..\bin/coff-ld.exe

Command:
  -p30F5011 \
  -o \
  Display pcb.cof \
  -Lc:/program files (x86)/microchip/xc16/v1.40/bin/bin/.. \
  -Lc:/program files (x86)/microchip/xc16/v1.40/bin/bin/../../lib \
  -Lc:/program files (x86)/microchip/xc16/v1.40/bin/bin/../../support/PIC24E/gld \
  -Lc:/program files (x86)/microchip/xc16/v1.40/bin/bin/../../support/PIC24F/gld \
  -Lc:/program files (x86)/microchip/xc16/v1.40/bin/bin/../../support/PIC24H/gld \
  -Lc:/program files (x86)/microchip/xc16/v1.40/bin/bin/../../support/dsPIC30F/gld \
  -Lc:/program files (x86)/microchip/xc16/v1.40/bin/bin/../../support/dsPIC33C/gld \
  -Lc:/program files (x86)/microchip/xc16/v1.40/bin/bin/../../support/dsPIC33E/gld \
  -Lc:/program files (x86)/microchip/xc16/v1.40/bin/bin/../../support/dsPIC33F/gld \
  main.o \
  -LC:\Program Files\Microchip\MPLAB C30\lib \
  -Tp30F5011.gld.00 \
  --defsym=__MPLAB_BUILD=1 \
  -Map=Display pcb.map \
  --report-mem \
  -start-group \
  --library=lega-pic30-coff \
  --library=m-coff \
  --library=lega-c-coff \
  -end-group \


Optional library libp30F5011.a not found
Archive member included because of file (symbol)

c:/program files (x86)/microchip/xc16/v1.40/bin/bin/../../lib\liblega-pic30-coff.a(crt0_standard.o)
                              (_resetPRI)
c:/program files (x86)/microchip/xc16/v1.40/bin/bin/../../lib\liblega-pic30-coff.a(data_init_standard.o)
                              c:/program files (x86)/microchip/xc16/v1.40/bin/bin/../../lib\liblega-pic30-coff.a(crt0_standard.o) (_data_init_standard)
c:/program files (x86)/microchip/xc16/v1.40/bin/bin/../../lib\libm-coff.a(udivsi3.o)
                              main.o (__udivsi3)
c:/program files (x86)/microchip/xc16/v1.40/bin/bin/../../lib\libm-coff.a(floatunsisf.o)
                              main.o (__floatunsisf)
c:/program files (x86)/microchip/xc16/v1.40/bin/bin/../../lib\libm-coff.a(feqltle.o)
                              main.o (__ltsf2)
c:/program files (x86)/microchip/xc16/v1.40/bin/bin/../../lib\libm-coff.a(addsf3.o)
                              main.o (__subsf3)
c:/program files (x86)/microchip/xc16/v1.40/bin/bin/../../lib\libm-coff.a(mulsf3.o)
                              main.o (__mulsf3)
c:/program files (x86)/microchip/xc16/v1.40/bin/bin/../../lib\libm-coff.a(fixsfsi.o)
                              main.o (__fixsfsi)
c:/program files (x86)/microchip/xc16/v1.40/bin/bin/../../lib\libm-coff.a(divsf3.o)
                              main.o (__divsf3)
c:/program files (x86)/microchip/xc16/v1.40/bin/bin/../../lib\libm-coff.a(fixunssfsi.o)
                              main.o (__fixunssfsi)
c:/program files (x86)/microchip/xc16/v1.40/bin/bin/../../lib\libm-coff.a(fgtge.o)
                              main.o (__gtsf2)
c:/program files (x86)/microchip/xc16/v1.40/bin/bin/../../lib\libm-coff.a(floatsisf.o)
                              main.o (__floatsisf)
c:/program files (x86)/microchip/xc16/v1.40/bin/bin/../../lib\libm-coff.a(divsi3.o)
                              main.o (__divsi3)
c:/program files (x86)/microchip/xc16/v1.40/bin/bin/../../lib\libm-coff.a(floatundisf.o)
                              c:/program files (x86)/microchip/xc16/v1.40/bin/bin/../../lib\libm-coff.a(floatunsisf.o) (__floatundisf)
c:/program files (x86)/microchip/xc16/v1.40/bin/bin/../../lib\libm-coff.a(fcompare.o)
                              c:/program files (x86)/microchip/xc16/v1.40/bin/bin/../../lib\libm-coff.a(feqltle.o) (_fcompare)
c:/program files (x86)/microchip/xc16/v1.40/bin/bin/../../lib\libm-coff.a(funpack2.o)
                              c:/program files (x86)/microchip/xc16/v1.40/bin/bin/../../lib\libm-coff.a(addsf3.o) (_funpack2)
c:/program files (x86)/microchip/xc16/v1.40/bin/bin/../../lib\libm-coff.a(futil.o)
                              c:/program files (x86)/microchip/xc16/v1.40/bin/bin/../../lib\libm-coff.a(addsf3.o) (_fPropagateNaN)
c:/program files (x86)/microchip/xc16/v1.40/bin/bin/../../lib\libm-coff.a(fpack.o)
                              c:/program files (x86)/microchip/xc16/v1.40/bin/bin/../../lib\libm-coff.a(addsf3.o) (_fpack)
c:/program files (x86)/microchip/xc16/v1.40/bin/bin/../../lib\libm-coff.a(funpack.o)
                              c:/program files (x86)/microchip/xc16/v1.40/bin/bin/../../lib\libm-coff.a(fixsfsi.o) (_funpack)
c:/program files (x86)/microchip/xc16/v1.40/bin/bin/../../lib\libm-coff.a(floatdisf.o)
                              c:/program files (x86)/microchip/xc16/v1.40/bin/bin/../../lib\libm-coff.a(floatsisf.o) (__floatdisf)


Selected CodeGuard Options:
  FGS:GWRP:GWRP_OFF
  FGS:GCP:GSS_OFF

CodeGuard FLASH Memory:
  boot    (none)
  secure  (none)
  general 0x100 to 0xaffe

CodeGuard RAM Memory:
  general 0x800 to 0x17ff
  secure  (none)
  boot    (none)

CodeGuard EEPROM Memory:
  general 0x7ffc00 to 0x7fffff
  secure  (none)
  boot    (none)


xc16-ld 1.40 (A)

Default Code Model: Small
[...]
Memory Configuration

Name             Origin             Length             Attributes
data             0x000800           0x001000           a !xr
reset            0x000000           0x000004  
ivt              0x000004           0x00007c  
_reserved        0x000080           0x000004  
aivt             0x000084           0x00007c  
program          0x000100           0x00af00           xr
eedata           0x7ffc00           0x000400  
FUID0            0x8005c0           0x000002  
FUID1            0x8005c2           0x000002  
FUID2            0x8005c4           0x000002  
FUID3            0x8005c6           0x000002  
FOSC             0xf80000           0x000002  
FWDT             0xf80002           0x000002  
FBORPOR          0xf80004           0x000002  
FBS              0xf80006           0x000002  
FSS              0xf80008           0x000002  
FGS              0xf8000a           0x000002  
FICD             0xf8000c           0x000002  
*default*        0x000000           0xffffffff  

Linker script and memory map

LOAD main.o
LOAD p30F5011
LOAD c:/program files (x86)/microchip/xc16/v1.40/bin/bin/../../lib\libfx-coff.a
                    0x8005c0                  __FUID0 = 0x8005c0
                    0x8005c2                  __FUID1 = 0x8005c2
                    0x8005c4                  __FUID2 = 0x8005c4
                    0x8005c6                  __FUID3 = 0x8005c6
                    0xf80000                  __FOSC = 0xf80000
                    0xf80002                  __FWDT = 0xf80002
                    0xf80004                  __FBORPOR = 0xf80004
                    0xf80006                  __FBS = 0xf80006
                    0xf80008                  __FSS = 0xf80008
                    0xf8000a                  __FGS = 0xf8000a
                    0xf8000c                  __FICD = 0xf8000c
                    0x0001                  __NO_HANDLES = 0x1
                    0x0100                  __CODE_BASE = 0x100
                    0xaf00                  __CODE_LENGTH = 0xaf00
                    0x0004                  __IVT_BASE = 0x4
                    0x0084                  __AIVT_BASE = 0x84
                    0x0800                  __DATA_BASE = 0x800
                    0x1000                  __DATA_LENGTH = 0x1000
                    0x1000                  __YDATA_BASE = 0x1000

.reset            0x000000          0x4
                  0x000000          0x2 SHORT 0x100 ABSOLUTE (__reset)
                  0x000001          0x2 SHORT 0x4
                  0x000002          0x2 SHORT 0x0 ((ABSOLUTE (__reset) >> 0x10) & 0x7f)
                  0x000003          0x2 SHORT 0x0

.text             0x000100       0x167a
 *(.init)
 .init            0x000100         0x40 c:/program files (x86)/microchip/xc16/v1.40/bin/bin/../../lib\liblega-pic30-coff.a(crt0_standard.o)
                  0x000100                  _resetPRI
                  0x000100                  _reset
                  0x000130                  _psv_init
 .init            0x000140         0x7c c:/program files (x86)/microchip/xc16/v1.40/bin/bin/../../lib\liblega-pic30-coff.a(data_init_standard.o)
                  0x000146                  _data_init_standard
                  0x000146                  _data_init
 *(.user_init)
 *(.handle)
 *(.isr*)
 .isr.text        0x0001bc       0x11f0 main.o
                  0x0001bc                  _T1Interrupt
                  0x00052c                  _T2Interrupt
                  0x000534                  _T4Interrupt
                  0x0009e4                  _ADCInterrupt
                  0x001012                  _U2TXInterrupt
                  0x00108c                  _U2RXInterrupt
                  0x00125a                  _U1RXInterrupt
                  0x001392                  _SPI2Interrupt
 .isr             0x0013ac          0x4 default_isr
                  0x0013ac                  _DefaultInterrupt
 *(.libc)
 *(.libm)
 .libm            0x0013b0         0x20 c:/program files (x86)/microchip/xc16/v1.40/bin/bin/../../lib\libm-coff.a(udivsi3.o)
                  0x0013b0                  __udivsi3
 .libm            0x0013d0          0x4 c:/program files (x86)/microchip/xc16/v1.40/bin/bin/../../lib\libm-coff.a(floatunsisf.o)
                  0x0013d0                  __floatunsisf
 .libm            0x0013d4          0x4 c:/program files (x86)/microchip/xc16/v1.40/bin/bin/../../lib\libm-coff.a(feqltle.o)
                  0x0013d4                  __eqsf2
                  0x0013d4                  __ltsf2
                  0x0013d4                  __lesf2
 .libm            0x0013d8         0xbc c:/program files (x86)/microchip/xc16/v1.40/bin/bin/../../lib\libm-coff.a(addsf3.o)
                  0x0013d8                  __subsf3
                  0x0013da                  __addsf3
 .libm            0x001494         0x68 c:/program files (x86)/microchip/xc16/v1.40/bin/bin/../../lib\libm-coff.a(mulsf3.o)
                  0x001494                  __mulsf3
 .libm            0x0014fc         0x42 c:/program files (x86)/microchip/xc16/v1.40/bin/bin/../../lib\libm-coff.a(fixsfsi.o)
                  0x0014fc                  __fixsfsi
 .libm            0x00153e         0x84 c:/program files (x86)/microchip/xc16/v1.40/bin/bin/../../lib\libm-coff.a(divsf3.o)
                  0x00153e                  __divsf3
 .libm            0x0015c2         0x36 c:/program files (x86)/microchip/xc16/v1.40/bin/bin/../../lib\libm-coff.a(fixunssfsi.o)
                  0x0015c2                  __fixunssfsi
 .libm            0x0015f8          0x4 c:/program files (x86)/microchip/xc16/v1.40/bin/bin/../../lib\libm-coff.a(fgtge.o)
                  0x0015f8                  __gesf2
                  0x0015f8                  __gtsf2
 .libm            0x0015fc          0x6 c:/program files (x86)/microchip/xc16/v1.40/bin/bin/../../lib\libm-coff.a(floatsisf.o)
                  0x0015fc                  __floatsisf
 .libm            0x001602         0x1e c:/program files (x86)/microchip/xc16/v1.40/bin/bin/../../lib\libm-coff.a(divsi3.o)
                  0x001602                  __divsi3
 .libm            0x001620         0x5e c:/program files (x86)/microchip/xc16/v1.40/bin/bin/../../lib\libm-coff.a(floatundisf.o)
                  0x001620                  __floatundisf
 .libm            0x00167e         0x36 c:/program files (x86)/microchip/xc16/v1.40/bin/bin/../../lib\libm-coff.a(fcompare.o)
                  0x00167e                  _fcompare
 .libm            0x0016b4         0x10 c:/program files (x86)/microchip/xc16/v1.40/bin/bin/../../lib\libm-coff.a(funpack2.o)
                  0x0016b4                  _funpack2
 .libm            0x0016c4         0x20 c:/program files (x86)/microchip/xc16/v1.40/bin/bin/../../lib\libm-coff.a(futil.o)
                  0x0016c4                  _fPropagateNaN
                  0x0016d6                  _fbopExit
                  0x0016de                  _fbopReturnNaN
 .libm            0x0016e4         0x4c c:/program files (x86)/microchip/xc16/v1.40/bin/bin/../../lib\libm-coff.a(fpack.o)
                  0x0016e4                  _fpack
 .libm            0x001730         0x2a c:/program files (x86)/microchip/xc16/v1.40/bin/bin/../../lib\libm-coff.a(funpack.o)
                  0x001730                  _funpack
 .libm            0x00175a         0x20 c:/program files (x86)/microchip/xc16/v1.40/bin/bin/../../lib\libm-coff.a(floatdisf.o)
                  0x00175a                  __floatdisf
 *(.libdsp)
 *(.lib*)

usercode
 *(usercode)

__FUID0
 *(__FUID0.sec*)

__FUID1
 *(__FUID1.sec*)

__FUID2
 *(__FUID2.sec*)

__FUID3
 *(__FUID3.sec*)

__FOSC            0xf80000          0x2
 *(__FOSC.sec*)
 __FOSC.sec       0xf80000          0x2 main.o

__FWDT            0xf80002          0x2
 *(__FWDT.sec*)
 __FWDT.sec       0xf80002          0x2 main.o

__FBORPOR         0xf80004          0x2
 *(__FBORPOR.sec*)
 __FBORPOR.sec    0xf80004          0x2 main.o

__FBS
 *(__FBS.sec*)

__FSS
 *(__FSS.sec*)

__FGS             0xf8000a          0x2
 *(__FGS.sec*)
 __FGS.sec        0xf8000a          0x2 /CW/_FGSêÜ≈
                  0xf8000a                  _FGS.sec

__FICD
 *(__FICD.sec*)

user_eedata
 *(user_eedata)

userdata
 *(userdata)

.comment
 *(.comment)

.debug_info
 *(.debug_info)
 *(.gnu.linkonce.wi.*)

.debug_abbrev
 *(.debug_abbrev)

.debug_line
 *(.debug_line)

.debug_frame
 *(.debug_frame)

.debug_str
 *(.debug_str)

.debug_loc
 *(.debug_loc)

.debug_macinfo
 *(.debug_macinfo)

.debug_pubnames
 *(.debug_pubnames)

.debug_ranges
 *(.debug_ranges)

.debug_aranges
 *(.debug_aranges)
                    0x0000                  WREG0 = 0x0
                    0x0000                  _WREG0 = 0x0
                    0x0002                  WREG1 = 0x2
                    0x0002                  _WREG1 = 0x2
                    0x0004                  WREG2 = 0x4
                    0x0004                  _WREG2 = 0x4
                    0x0006                  WREG3 = 0x6
                    0x0006                  _WREG3 = 0x6
                    0x0008                  WREG4 = 0x8
                    0x0008                  _WREG4 = 0x8
                    0x000a                  WREG5 = 0xa
                    0x000a                  _WREG5 = 0xa
                    0x000c                  WREG6 = 0xc
                    0x000c                  _WREG6 = 0xc
                    0x000e                  WREG7 = 0xe
                    0x000e                  _WREG7 = 0xe
                    0x0010                  WREG8 = 0x10
                    0x0010                  _WREG8 = 0x10
                    0x0012                  WREG9 = 0x12
                    0x0012                  _WREG9 = 0x12
                    0x0014                  WREG10 = 0x14
                    0x0014                  _WREG10 = 0x14
                    0x0016                  WREG11 = 0x16
                    0x0016                  _WREG11 = 0x16
                    0x0018                  WREG12 = 0x18
                    0x0018                  _WREG12 = 0x18
                    0x001a                  WREG13 = 0x1a
                    0x001a                  _WREG13 = 0x1a
                    0x001c                  WREG14 = 0x1c
                    0x001c                  _WREG14 = 0x1c
                    0x001e                  WREG15 = 0x1e
                    0x001e                  _WREG15 = 0x1e
                    0x0020                  SPLIM = 0x20
                    0x0020                  _SPLIM = 0x20
                    0x0022                  ACCAL = 0x22
                    0x0022                  _ACCAL = 0x22
                    0x0024                  ACCAH = 0x24
                    0x0024                  _ACCAH = 0x24
                    0x0026                  ACCAU = 0x26
                    0x0026                  _ACCAU = 0x26
                    0x0028                  ACCBL = 0x28
                    0x0028                  _ACCBL = 0x28
                    0x002a                  ACCBH = 0x2a
                    0x002a                  _ACCBH = 0x2a
                    0x002c                  ACCBU = 0x2c
                    0x002c                  _ACCBU = 0x2c
                    0x002e                  PCL = 0x2e
                    0x002e                  _PCL = 0x2e
                    0x0030                  PCH = 0x30
                    0x0030                  _PCH = 0x30
                    0x0032                  TBLPAG = 0x32
                    0x0032                  _TBLPAG = 0x32
                    0x0034                  PSVPAG = 0x34
                    0x0034                  _PSVPAG = 0x34
                    0x0036                  RCOUNT = 0x36
                    0x0036                  _RCOUNT = 0x36
                    0x0038                  DCOUNT = 0x38
                    0x0038                  _DCOUNT = 0x38
                    0x003a                  DOSTARTL = 0x3a
                    0x003a                  _DOSTARTL = 0x3a
                    0x003c                  DOSTARTH = 0x3c
                    0x003c                  _DOSTARTH = 0x3c
                    0x003e                  DOENDL = 0x3e
                    0x003e                  _DOENDL = 0x3e
                    0x0040                  DOENDH = 0x40
                    0x0040                  _DOENDH = 0x40
                    0x0042                  SR = 0x42
                    0x0042                  _SR = 0x42
                    0x0042                  _SRbits = 0x42
                    0x0044                  CORCON = 0x44
                    0x0044                  _CORCON = 0x44
                    0x0044                  _CORCONbits = 0x44
                    0x0046                  MODCON = 0x46
                    0x0046                  _MODCON = 0x46
                    0x0046                  _MODCONbits = 0x46
                    0x0048                  XMODSRT = 0x48
                    0x0048                  _XMODSRT = 0x48
                    0x004a                  XMODEND = 0x4a
                    0x004a                  _XMODEND = 0x4a
                    0x004c                  YMODSRT = 0x4c
                    0x004c                  _YMODSRT = 0x4c
                    0x004e                  YMODEND = 0x4e
                    0x004e                  _YMODEND = 0x4e
                    0x0050                  XBREV = 0x50
                    0x0050                  _XBREV = 0x50
                    0x0050                  _XBREVbits = 0x50
                    0x0052                  DISICNT = 0x52
                    0x0052                  _DISICNT = 0x52
                    0x0052                  _DISICNTbits = 0x52
                    0x0080                  INTCON1 = 0x80
                    0x0080                  _INTCON1 = 0x80
                    0x0080                  _INTCON1bits = 0x80
                    0x0082                  INTCON2 = 0x82
                    0x0082                  _INTCON2 = 0x82
                    0x0082                  _INTCON2bits = 0x82
                    0x0084                  IFS0 = 0x84
                    0x0084                  _IFS0 = 0x84
                    0x0084                  _IFS0bits = 0x84
                    0x0086                  IFS1 = 0x86
                    0x0086                  _IFS1 = 0x86
                    0x0086                  _IFS1bits = 0x86
                    0x0088                  IFS2 = 0x88
                    0x0088                  _IFS2 = 0x88
                    0x0088                  _IFS2bits = 0x88
                    0x008c                  IEC0 = 0x8c
                    0x008c                  _IEC0 = 0x8c
                    0x008c                  _IEC0bits = 0x8c
                    0x008e                  IEC1 = 0x8e
                    0x008e                  _IEC1 = 0x8e
                    0x008e                  _IEC1bits = 0x8e
                    0x0090                  IEC2 = 0x90
                    0x0090                  _IEC2 = 0x90
                    0x0090                  _IEC2bits = 0x90
                    0x0094                  IPC0 = 0x94
                    0x0094                  _IPC0 = 0x94
                    0x0094                  _IPC0bits = 0x94
                    0x0096                  IPC1 = 0x96
                    0x0096                  _IPC1 = 0x96
                    0x0096                  _IPC1bits = 0x96
                    0x0098                  IPC2 = 0x98
                    0x0098                  _IPC2 = 0x98
                    0x0098                  _IPC2bits = 0x98
                    0x009a                  IPC3 = 0x9a
                    0x009a                  _IPC3 = 0x9a
                    0x009a                  _IPC3bits = 0x9a
                    0x009c                  IPC4 = 0x9c
                    0x009c                  _IPC4 = 0x9c
                    0x009c                  _IPC4bits = 0x9c
                    0x009e                  IPC5 = 0x9e
                    0x009e                  _IPC5 = 0x9e
                    0x009e                  _IPC5bits = 0x9e
                    0x00a0                  IPC6 = 0xa0
                    0x00a0                  _IPC6 = 0xa0
                    0x00a0                  _IPC6bits = 0xa0
                    0x00a2                  IPC7 = 0xa2
                    0x00a2                  _IPC7 = 0xa2
                    0x00a2                  _IPC7bits = 0xa2
                    0x00a4                  IPC8 = 0xa4
                    0x00a4                  _IPC8 = 0xa4
                    0x00a4                  _IPC8bits = 0xa4
                    0x00a6                  IPC9 = 0xa6
                    0x00a6                  _IPC9 = 0xa6
                    0x00a6                  _IPC9bits = 0xa6
                    0x00a8                  IPC10 = 0xa8
                    0x00a8                  _IPC10 = 0xa8
                    0x00a8                  _IPC10bits = 0xa8
                    0x00b0                  INTTREG = 0xb0
                    0x00b0                  _INTTREG = 0xb0
                    0x00b0                  _INTTREGbits = 0xb0
                    0x00c0                  CNEN1 = 0xc0
                    0x00c0                  _CNEN1 = 0xc0
                    0x00c0                  _CNEN1bits = 0xc0
                    0x00c2                  CNEN2 = 0xc2
                    0x00c2                  _CNEN2 = 0xc2
                    0x00c2                  _CNEN2bits = 0xc2
                    0x00c4                  CNPU1 = 0xc4
                    0x00c4                  _CNPU1 = 0xc4
                    0x00c4                  _CNPU1bits = 0xc4
                    0x00c6                  CNPU2 = 0xc6
                    0x00c6                  _CNPU2 = 0xc6
                    0x00c6                  _CNPU2bits = 0xc6
                    0x0100                  TMR1 = 0x100
                    0x0100                  _TMR1 = 0x100
                    0x0102                  PR1 = 0x102
                    0x0102                  _PR1 = 0x102
                    0x0104                  T1CON = 0x104
                    0x0104                  _T1CON = 0x104
                    0x0104                  _T1CONbits = 0x104
                    0x0106                  TMR2 = 0x106
                    0x0106                  _TMR2 = 0x106
                    0x0108                  TMR3HLD = 0x108
                    0x0108                  _TMR3HLD = 0x108
                    0x010a                  TMR3 = 0x10a
                    0x010a                  _TMR3 = 0x10a
                    0x010c                  PR2 = 0x10c
                    0x010c                  _PR2 = 0x10c
                    0x010e                  PR3 = 0x10e
                    0x010e                  _PR3 = 0x10e
                    0x0110                  T2CON = 0x110
                    0x0110                  _T2CON = 0x110
                    0x0110                  _T2CONbits = 0x110
                    0x0112                  T3CON = 0x112
                    0x0112                  _T3CON = 0x112
                    0x0112                  _T3CONbits = 0x112
                    0x0114                  TMR4 = 0x114
                    0x0114                  _TMR4 = 0x114
                    0x0116                  TMR5HLD = 0x116
                    0x0116                  _TMR5HLD = 0x116
                    0x0118                  TMR5 = 0x118
                    0x0118                  _TMR5 = 0x118
                    0x011a                  PR4 = 0x11a
                    0x011a                  _PR4 = 0x11a
                    0x011c                  PR5 = 0x11c
                    0x011c                  _PR5 = 0x11c
                    0x011e                  T4CON = 0x11e
                    0x011e                  _T4CON = 0x11e
                    0x011e                  _T4CONbits = 0x11e
                    0x0120                  T5CON = 0x120
                    0x0120                  _T5CON = 0x120
                    0x0120                  _T5CONbits = 0x120
                    0x0140                  IC1BUF = 0x140
                    0x0140                  _IC1BUF = 0x140
                    0x0142                  IC1CON = 0x142
                    0x0142                  _IC1CON = 0x142
                    0x0142                  _IC1CONbits = 0x142
                    0x0144                  IC2BUF = 0x144
                    0x0144                  _IC2BUF = 0x144
                    0x0146                  IC2CON = 0x146
                    0x0146                  _IC2CON = 0x146
                    0x0146                  _IC2CONbits = 0x146
                    0x0148                  IC3BUF = 0x148
                    0x0148                  _IC3BUF = 0x148
                    0x014a                  IC3CON = 0x14a
                    0x014a                  _IC3CON = 0x14a
                    0x014a                  _IC3CONbits = 0x14a
                    0x014c                  IC4BUF = 0x14c
                    0x014c                  _IC4BUF = 0x14c
                    0x014e                  IC4CON = 0x14e
                    0x014e                  _IC4CON = 0x14e
                    0x014e                  _IC4CONbits = 0x14e
                    0x0150                  IC5BUF = 0x150
                    0x0150                  _IC5BUF = 0x150
                    0x0152                  IC5CON = 0x152
                    0x0152                  _IC5CON = 0x152
                    0x0152                  _IC5CONbits = 0x152
                    0x0154                  IC6BUF = 0x154
                    0x0154                  _IC6BUF = 0x154
                    0x0156                  IC6CON = 0x156
                    0x0156                  _IC6CON = 0x156
                    0x0156                  _IC6CONbits = 0x156
                    0x0158                  IC7BUF = 0x158
                    0x0158                  _IC7BUF = 0x158
                    0x015a                  IC7CON = 0x15a
                    0x015a                  _IC7CON = 0x15a
                    0x015a                  _IC7CONbits = 0x15a
                    0x015c                  IC8BUF = 0x15c
                    0x015c                  _IC8BUF = 0x15c
                    0x015e                  IC8CON = 0x15e
                    0x015e                  _IC8CON = 0x15e
                    0x015e                  _IC8CONbits = 0x15e
                    0x0180                  OC1RS = 0x180
                    0x0180                  _OC1RS = 0x180
                    0x0182                  OC1R = 0x182
                    0x0182                  _OC1R = 0x182
                    0x0184                  OC1CON = 0x184
                    0x0184                  _OC1CON = 0x184
                    0x0184                  _OC1CONbits = 0x184
                    0x0186                  OC2RS = 0x186
                    0x0186                  _OC2RS = 0x186
                    0x0188                  OC2R = 0x188
                    0x0188                  _OC2R = 0x188
                    0x018a                  OC2CON = 0x18a
                    0x018a                  _OC2CON = 0x18a
                    0x018a                  _OC2CONbits = 0x18a
                    0x018c                  OC3RS = 0x18c
                    0x018c                  _OC3RS = 0x18c
                    0x018e                  OC3R = 0x18e
                    0x018e                  _OC3R = 0x18e
                    0x0190                  OC3CON = 0x190
                    0x0190                  _OC3CON = 0x190
                    0x0190                  _OC3CONbits = 0x190
                    0x0192                  OC4RS = 0x192
                    0x0192                  _OC4RS = 0x192
                    0x0194                  OC4R = 0x194
                    0x0194                  _OC4R = 0x194
                    0x0196                  OC4CON = 0x196
                    0x0196                  _OC4CON = 0x196
                    0x0196                  _OC4CONbits = 0x196
                    0x0198                  OC5RS = 0x198
                    0x0198                  _OC5RS = 0x198
                    0x019a                  OC5R = 0x19a
                    0x019a                  _OC5R = 0x19a
                    0x019c                  OC5CON = 0x19c
                    0x019c                  _OC5CON = 0x19c
                    0x019c                  _OC5CONbits = 0x19c
                    0x019e                  OC6RS = 0x19e
                    0x019e                  _OC6RS = 0x19e
                    0x01a0                  OC6R = 0x1a0
                    0x01a0                  _OC6R = 0x1a0
                    0x01a2                  OC6CON = 0x1a2
                    0x01a2                  _OC6CON = 0x1a2
                    0x01a2                  _OC6CONbits = 0x1a2
                    0x01a4                  OC7RS = 0x1a4
                    0x01a4                  _OC7RS = 0x1a4
                    0x01a6                  OC7R = 0x1a6
                    0x01a6                  _OC7R = 0x1a6
                    0x01a8                  OC7CON = 0x1a8
                    0x01a8                  _OC7CON = 0x1a8
                    0x01a8                  _OC7CONbits = 0x1a8
                    0x01aa                  OC8RS = 0x1aa
                    0x01aa                  _OC8RS = 0x1aa
                    0x01ac                  OC8R = 0x1ac
                    0x01ac                  _OC8R = 0x1ac
                    0x01ae                  OC8CON = 0x1ae
                    0x01ae                  _OC8CON = 0x1ae
                    0x01ae                  _OC8CONbits = 0x1ae
                    0x0200                  I2CRCV = 0x200
                    0x0200                  _I2CRCV = 0x200
                    0x0200                  _I2CRCVbits = 0x200
                    0x0202                  I2CTRN = 0x202
                    0x0202                  _I2CTRN = 0x202
                    0x0202                  _I2CTRNbits = 0x202
                    0x0204                  I2CBRG = 0x204
                    0x0204                  _I2CBRG = 0x204
                    0x0204                  _I2CBRGbits = 0x204
                    0x0206                  I2CCON = 0x206
                    0x0206                  _I2CCON = 0x206
                    0x0206                  _I2CCONbits = 0x206
                    0x0208                  I2CSTAT = 0x208
                    0x0208                  _I2CSTAT = 0x208
                    0x0208                  _I2CSTATbits = 0x208
                    0x020a                  I2CADD = 0x20a
                    0x020a                  _I2CADD = 0x20a
                    0x020a                  _I2CADDbits = 0x20a
                    0x020c                  U1MODE = 0x20c
                    0x020c                  _U1MODE = 0x20c
                    0x020c                  _U1MODEbits = 0x20c
                    0x020e                  U1STA = 0x20e
                    0x020e                  _U1STA = 0x20e
                    0x020e                  _U1STAbits = 0x20e
                    0x0210                  U1TXREG = 0x210
                    0x0210                  _U1TXREG = 0x210
                    0x0210                  _U1TXREGbits = 0x210
                    0x0212                  U1RXREG = 0x212
                    0x0212                  _U1RXREG = 0x212
                    0x0212                  _U1RXREGbits = 0x212
                    0x0214                  U1BRG = 0x214
                    0x0214                  _U1BRG = 0x214
                    0x0216                  U2MODE = 0x216
                    0x0216                  _U2MODE = 0x216
                    0x0216                  _U2MODEbits = 0x216
                    0x0218                  U2STA = 0x218
                    0x0218                  _U2STA = 0x218
                    0x0218                  _U2STAbits = 0x218
                    0x021a                  U2TXREG = 0x21a
                    0x021a                  _U2TXREG = 0x21a
                    0x021a                  _U2TXREGbits = 0x21a
                    0x021c                  U2RXREG = 0x21c
                    0x021c                  _U2RXREG = 0x21c
                    0x021c                  _U2RXREGbits = 0x21c
                    0x021e                  U2BRG = 0x21e
                    0x021e                  _U2BRG = 0x21e
                    0x0220                  SPI1STAT = 0x220
                    0x0220                  _SPI1STAT = 0x220
                    0x0220                  _SPI1STATbits = 0x220
                    0x0222                  SPI1CON = 0x222
                    0x0222                  _SPI1CON = 0x222
                    0x0222                  _SPI1CONbits = 0x222
                    0x0224                  SPI1BUF = 0x224
                    0x0224                  _SPI1BUF = 0x224
                    0x0226                  SPI2STAT = 0x226
                    0x0226                  _SPI2STAT = 0x226
                    0x0226                  _SPI2STATbits = 0x226
                    0x0228                  SPI2CON = 0x228
                    0x0228                  _SPI2CON = 0x228
                    0x0228                  _SPI2CONbits = 0x228
                    0x022a                  SPI2BUF = 0x22a
                    0x022a                  _SPI2BUF = 0x22a
                    0x0240                  DCICON1 = 0x240
                    0x0240                  _DCICON1 = 0x240
                    0x0240                  _DCICON1bits = 0x240
                    0x0242                  DCICON2 = 0x242
                    0x0242                  _DCICON2 = 0x242
                    0x0242                  _DCICON2bits = 0x242
                    0x0244                  DCICON3 = 0x244
                    0x0244                  _DCICON3 = 0x244
                    0x0244                  _DCICON3bits = 0x244
                    0x0246                  DCISTAT = 0x246
                    0x0246                  _DCISTAT = 0x246
                    0x0246                  _DCISTATbits = 0x246
                    0x0248                  TSCON = 0x248
                    0x0248                  _TSCON = 0x248
                    0x0248                  _TSCONbits = 0x248
                    0x024c                  RSCON = 0x24c
                    0x024c                  _RSCON = 0x24c
                    0x024c                  _RSCONbits = 0x24c
                    0x0250                  RXBUF0 = 0x250
                    0x0250                  _RXBUF0 = 0x250
                    0x0252                  RXBUF1 = 0x252
                    0x0252                  _RXBUF1 = 0x252
                    0x0254                  RXBUF2 = 0x254
                    0x0254                  _RXBUF2 = 0x254
                    0x0256                  RXBUF3 = 0x256
                    0x0256                  _RXBUF3 = 0x256
                    0x0258                  TXBUF0 = 0x258
                    0x0258                  _TXBUF0 = 0x258
                    0x025a                  TXBUF1 = 0x25a
                    0x025a                  _TXBUF1 = 0x25a
                    0x025c                  TXBUF2 = 0x25c
                    0x025c                  _TXBUF2 = 0x25c
                    0x025e                  TXBUF3 = 0x25e
                    0x025e                  _TXBUF3 = 0x25e
                    0x0280                  ADCBUF0 = 0x280
                    0x0280                  _ADCBUF0 = 0x280
                    0x0282                  ADCBUF1 = 0x282
                    0x0282                  _ADCBUF1 = 0x282
                    0x0284                  ADCBUF2 = 0x284
                    0x0284                  _ADCBUF2 = 0x284
                    0x0286                  ADCBUF3 = 0x286
                    0x0286                  _ADCBUF3 = 0x286
                    0x0288                  ADCBUF4 = 0x288
                    0x0288                  _ADCBUF4 = 0x288
                    0x028a                  ADCBUF5 = 0x28a
                    0x028a                  _ADCBUF5 = 0x28a
                    0x028c                  ADCBUF6 = 0x28c
                    0x028c                  _ADCBUF6 = 0x28c
                    0x028e                  ADCBUF7 = 0x28e
                    0x028e                  _ADCBUF7 = 0x28e
                    0x0290                  ADCBUF8 = 0x290
                    0x0290                  _ADCBUF8 = 0x290
                    0x0292                  ADCBUF9 = 0x292
                    0x0292                  _ADCBUF9 = 0x292
                    0x0294                  ADCBUFA = 0x294
                    0x0294                  _ADCBUFA = 0x294
                    0x0296                  ADCBUFB = 0x296
                    0x0296                  _ADCBUFB = 0x296
                    0x0298                  ADCBUFC = 0x298
                    0x0298                  _ADCBUFC = 0x298
                    0x029a                  ADCBUFD = 0x29a
                    0x029a                  _ADCBUFD = 0x29a
                    0x029c                  ADCBUFE = 0x29c
                    0x029c                  _ADCBUFE = 0x29c
                    0x029e                  ADCBUFF = 0x29e
                    0x029e                  _ADCBUFF = 0x29e
                    0x02a0                  ADCON1 = 0x2a0
                    0x02a0                  _ADCON1 = 0x2a0
                    0x02a0                  _ADCON1bits = 0x2a0
                    0x02a2                  ADCON2 = 0x2a2
                    0x02a2                  _ADCON2 = 0x2a2
                    0x02a2                  _ADCON2bits = 0x2a2
                    0x02a4                  ADCON3 = 0x2a4
                    0x02a4                  _ADCON3 = 0x2a4
                    0x02a4                  _ADCON3bits = 0x2a4
                    0x02a6                  ADCHS = 0x2a6
                    0x02a6                  _ADCHS = 0x2a6
                    0x02a6                  _ADCHSbits = 0x2a6
                    0x02a8                  ADPCFG = 0x2a8
                    0x02a8                  _ADPCFG = 0x2a8
                    0x02a8                  _ADPCFGbits = 0x2a8
                    0x02aa                  ADCSSL = 0x2aa
                    0x02aa                  _ADCSSL = 0x2aa
                    0x02aa                  _ADCSSLbits = 0x2aa
                    0x02c6                  TRISB = 0x2c6
                    0x02c6                  _TRISB = 0x2c6
                    0x02c6                  _TRISBbits = 0x2c6
                    0x02c8                  PORTB = 0x2c8
                    0x02c8                  _PORTB = 0x2c8
                    0x02c8                  _PORTBbits = 0x2c8
                    0x02ca                  LATB = 0x2ca
                    0x02ca                  _LATB = 0x2ca
                    0x02ca                  _LATBbits = 0x2ca
                    0x02cc                  TRISC = 0x2cc
                    0x02cc                  _TRISC = 0x2cc
                    0x02cc                  _TRISCbits = 0x2cc
                    0x02ce                  PORTC = 0x2ce
                    0x02ce                  _PORTC = 0x2ce
                    0x02ce                  _PORTCbits = 0x2ce
                    0x02d0                  LATC = 0x2d0
                    0x02d0                  _LATC = 0x2d0
                    0x02d0                  _LATCbits = 0x2d0
                    0x02d2                  TRISD = 0x2d2
                    0x02d2                  _TRISD = 0x2d2
                    0x02d2                  _TRISDbits = 0x2d2
                    0x02d4                  PORTD = 0x2d4
                    0x02d4                  _PORTD = 0x2d4
                    0x02d4                  _PORTDbits = 0x2d4
                    0x02d6                  LATD = 0x2d6
                    0x02d6                  _LATD = 0x2d6
                    0x02d6                  _LATDbits = 0x2d6
                    0x02de                  TRISF = 0x2de
                    0x02de                  _TRISF = 0x2de
                    0x02de                  _TRISFbits = 0x2de
                    0x02e0                  PORTF = 0x2e0
                    0x02e0                  _PORTF = 0x2e0
                    0x02e0                  _PORTFbits = 0x2e0
                    0x02e2                  LATF = 0x2e2
                    0x02e2                  _LATF = 0x2e2
                    0x02e2                  _LATFbits = 0x2e2
                    0x02e4                  TRISG = 0x2e4
                    0x02e4                  _TRISG = 0x2e4
                    0x02e4                  _TRISGbits = 0x2e4
                    0x02e6                  PORTG = 0x2e6
                    0x02e6                  _PORTG = 0x2e6
                    0x02e6                  _PORTGbits = 0x2e6
                    0x02e8                  LATG = 0x2e8
                    0x02e8                  _LATG = 0x2e8
                    0x02e8                  _LATGbits = 0x2e8
                    0x0300                  C1RXF0SID = 0x300
                    0x0300                  _C1RXF0SID = 0x300
                    0x0300                  _C1RXF0SIDbits = 0x300
                    0x0302                  C1RXF0EIDH = 0x302
                    0x0302                  _C1RXF0EIDH = 0x302
                    0x0302                  _C1RXF0EIDHbits = 0x302
                    0x0304                  C1RXF0EIDL = 0x304
                    0x0304                  _C1RXF0EIDL = 0x304
                    0x0304                  _C1RXF0EIDLbits = 0x304
                    0x0308                  C1RXF1SID = 0x308
                    0x0308                  _C1RXF1SID = 0x308
                    0x0308                  _C1RXF1SIDbits = 0x308
                    0x030a                  C1RXF1EIDH = 0x30a
                    0x030a                  _C1RXF1EIDH = 0x30a
                    0x030a                  _C1RXF1EIDHbits = 0x30a
                    0x030c                  C1RXF1EIDL = 0x30c
                    0x030c                  _C1RXF1EIDL = 0x30c
                    0x030c                  _C1RXF1EIDLbits = 0x30c
                    0x0310                  C1RXF2SID = 0x310
                    0x0310                  _C1RXF2SID = 0x310
                    0x0310                  _C1RXF2SIDbits = 0x310
                    0x0312                  C1RXF2EIDH = 0x312
                    0x0312                  _C1RXF2EIDH = 0x312
                    0x0312                  _C1RXF2EIDHbits = 0x312
                    0x0314                  C1RXF2EIDL = 0x314
                    0x0314                  _C1RXF2EIDL = 0x314
                    0x0314                  _C1RXF2EIDLbits = 0x314
                    0x0318                  C1RXF3SID = 0x318
                    0x0318                  _C1RXF3SID = 0x318
                    0x0318                  _C1RXF3SIDbits = 0x318
                    0x031a                  C1RXF3EIDH = 0x31a
                    0x031a                  _C1RXF3EIDH = 0x31a
                    0x031a                  _C1RXF3EIDHbits = 0x31a
                    0x031c                  C1RXF3EIDL = 0x31c
                    0x031c                  _C1RXF3EIDL = 0x31c
                    0x031c                  _C1RXF3EIDLbits = 0x31c
                    0x0320                  C1RXF4SID = 0x320
                    0x0320                  _C1RXF4SID = 0x320
                    0x0320                  _C1RXF4SIDbits = 0x320
                    0x0322                  C1RXF4EIDH = 0x322
                    0x0322                  _C1RXF4EIDH = 0x322
                    0x0322                  _C1RXF4EIDHbits = 0x322
                    0x0324                  C1RXF4EIDL = 0x324
                    0x0324                  _C1RXF4EIDL = 0x324
                    0x0324                  _C1RXF4EIDLbits = 0x324
                    0x0328                  C1RXF5SID = 0x328
                    0x0328                  _C1RXF5SID = 0x328
                    0x0328                  _C1RXF5SIDbits = 0x328
                    0x032a                  C1RXF5EIDH = 0x32a
                    0x032a                  _C1RXF5EIDH = 0x32a
                    0x032a                  _C1RXF5EIDHbits = 0x32a
                    0x032c                  C1RXF5EIDL = 0x32c
                    0x032c                  _C1RXF5EIDL = 0x32c
                    0x032c                  _C1RXF5EIDLbits = 0x32c
                    0x0330                  C1RXM0SID = 0x330
                    0x0330                  _C1RXM0SID = 0x330
                    0x0330                  _C1RXM0SIDbits = 0x330
                    0x0332                  C1RXM0EIDH = 0x332
                    0x0332                  _C1RXM0EIDH = 0x332
                    0x0332                  _C1RXM0EIDHbits = 0x332
                    0x0334                  C1RXM0EIDL = 0x334
                    0x0334                  _C1RXM0EIDL = 0x334
                    0x0334                  _C1RXM0EIDLbits = 0x334
                    0x0338                  C1RXM1SID = 0x338
                    0x0338                  _C1RXM1SID = 0x338
                    0x0338                  _C1RXM1SIDbits = 0x338
                    0x033a                  C1RXM1EIDH = 0x33a
                    0x033a                  _C1RXM1EIDH = 0x33a
                    0x033a                  _C1RXM1EIDHbits = 0x33a
                    0x033c                  C1RXM1EIDL = 0x33c
                    0x033c                  _C1RXM1EIDL = 0x33c
                    0x033c                  _C1RXM1EIDLbits = 0x33c
                    0x0340                  C1TX2SID = 0x340
                    0x0340                  _C1TX2SID = 0x340
                    0x0340                  _C1TX2SIDbits = 0x340
                    0x0342                  C1TX2EID = 0x342
                    0x0342                  _C1TX2EID = 0x342
                    0x0342                  _C1TX2EIDbits = 0x342
                    0x0344                  C1TX2DLC = 0x344
                    0x0344                  _C1TX2DLC = 0x344
                    0x0344                  _C1TX2DLCbits = 0x344
                    0x0346                  C1TX2B1 = 0x346
                    0x0346                  _C1TX2B1 = 0x346
                    0x0346                  _C1TX2B1bits = 0x346
                    0x0348                  C1TX2B2 = 0x348
                    0x0348                  _C1TX2B2 = 0x348
                    0x0348                  _C1TX2B2bits = 0x348
                    0x034a                  C1TX2B3 = 0x34a
                    0x034a                  _C1TX2B3 = 0x34a
                    0x034a                  _C1TX2B3bits = 0x34a
                    0x034c                  C1TX2B4 = 0x34c
                    0x034c                  _C1TX2B4 = 0x34c
                    0x034c                  _C1TX2B4bits = 0x34c
                    0x034e                  C1TX2CON = 0x34e
                    0x034e                  _C1TX2CON = 0x34e
                    0x034e                  _C1TX2CONbits = 0x34e
                    0x0350                  C1TX1SID = 0x350
                    0x0350                  _C1TX1SID = 0x350
                    0x0350                  _C1TX1SIDbits = 0x350
                    0x0352                  C1TX1EID = 0x352
                    0x0352                  _C1TX1EID = 0x352
                    0x0352                  _C1TX1EIDbits = 0x352
                    0x0354                  C1TX1DLC = 0x354
                    0x0354                  _C1TX1DLC = 0x354
                    0x0354                  _C1TX1DLCbits = 0x354
                    0x0356                  C1TX1B1 = 0x356
                    0x0356                  _C1TX1B1 = 0x356
                    0x0356                  _C1TX1B1bits = 0x356
                    0x0358                  C1TX1B2 = 0x358
                    0x0358                  _C1TX1B2 = 0x358
                    0x0358                  _C1TX1B2bits = 0x358
                    0x035a                  C1TX1B3 = 0x35a
                    0x035a                  _C1TX1B3 = 0x35a
                    0x035a                  _C1TX1B3bits = 0x35a
                    0x035c                  C1TX1B4 = 0x35c
                    0x035c                  _C1TX1B4 = 0x35c
                    0x035c                  _C1TX1B4bits = 0x35c
                    0x035e                  C1TX1CON = 0x35e
                    0x035e                  _C1TX1CON = 0x35e
                    0x035e                  _C1TX1CONbits = 0x35e
                    0x0360                  C1TX0SID = 0x360
                    0x0360                  _C1TX0SID = 0x360
                    0x0360                  _C1TX0SIDbits = 0x360
                    0x0362                  C1TX0EID = 0x362
                    0x0362                  _C1TX0EID = 0x362
                    0x0362                  _C1TX0EIDbits = 0x362
                    0x0364                  C1TX0DLC = 0x364
                    0x0364                  _C1TX0DLC = 0x364
                    0x0364                  _C1TX0DLCbits = 0x364
                    0x0366                  C1TX0B1 = 0x366
                    0x0366                  _C1TX0B1 = 0x366
                    0x0366                  _C1TX0B1bits = 0x366
                    0x0368                  C1TX0B2 = 0x368
                    0x0368                  _C1TX0B2 = 0x368
                    0x0368                  _C1TX0B2bits = 0x368
                    0x036a                  C1TX0B3 = 0x36a
                    0x036a                  _C1TX0B3 = 0x36a
                    0x036a                  _C1TX0B3bits = 0x36a
                    0x036c                  C1TX0B4 = 0x36c
                    0x036c                  _C1TX0B4 = 0x36c
                    0x036c                  _C1TX0B4bits = 0x36c
                    0x036e                  C1TX0CON = 0x36e
                    0x036e                  _C1TX0CON = 0x36e
                    0x036e                  _C1TX0CONbits = 0x36e
                    0x0370                  C1RX1SID = 0x370
                    0x0370                  _C1RX1SID = 0x370
                    0x0370                  _C1RX1SIDbits = 0x370
                    0x0372                  C1RX1EID = 0x372
                    0x0372                  _C1RX1EID = 0x372
                    0x0372                  _C1RX1EIDbits = 0x372
                    0x0374                  C1RX1DLC = 0x374
                    0x0374                  _C1RX1DLC = 0x374
                    0x0374                  _C1RX1DLCbits = 0x374
                    0x0376                  C1RX1B1 = 0x376
                    0x0376                  _C1RX1B1 = 0x376
                    0x0376                  _C1RX1B1bits = 0x376
                    0x0378                  C1RX1B2 = 0x378
                    0x0378                  _C1RX1B2 = 0x378
                    0x0378                  _C1RX1B2bits = 0x378
                    0x037a                  C1RX1B3 = 0x37a
                    0x037a                  _C1RX1B3 = 0x37a
                    0x037a                  _C1RX1B3bits = 0x37a
                    0x037c                  C1RX1B4 = 0x37c
                    0x037c                  _C1RX1B4 = 0x37c
                    0x037c                  _C1RX1B4bits = 0x37c
                    0x037e                  C1RX1CON = 0x37e
                    0x037e                  _C1RX1CON = 0x37e
                    0x037e                  _C1RX1CONbits = 0x37e
                    0x0380                  C1RX0SID = 0x380
                    0x0380                  _C1RX0SID = 0x380
                    0x0380                  _C1RX0SIDbits = 0x380
                    0x0382                  C1RX0EID = 0x382
                    0x0382                  _C1RX0EID = 0x382
                    0x0382                  _C1RX0EIDbits = 0x382
                    0x0384                  C1RX0DLC = 0x384
                    0x0384                  _C1RX0DLC = 0x384
                    0x0384                  _C1RX0DLCbits = 0x384
                    0x0386                  C1RX0B1 = 0x386
                    0x0386                  _C1RX0B1 = 0x386
                    0x0386                  _C1RX0B1bits = 0x386
                    0x0388                  C1RX0B2 = 0x388
                    0x0388                  _C1RX0B2 = 0x388
                    0x0388                  _C1RX0B2bits = 0x388
                    0x038a                  C1RX0B3 = 0x38a
                    0x038a                  _C1RX0B3 = 0x38a
                    0x038a                  _C1RX0B3bits = 0x38a
                    0x038c                  C1RX0B4 = 0x38c
                    0x038c                  _C1RX0B4 = 0x38c
                    0x038c                  _C1RX0B4bits = 0x38c
                    0x038e                  C1RX0CON = 0x38e
                    0x038e                  _C1RX0CON = 0x38e
                    0x038e                  _C1RX0CONbits = 0x38e
                    0x0390                  C1CTRL = 0x390
                    0x0390                  _C1CTRL = 0x390
                    0x0390                  _C1CTRLbits = 0x390
                    0x0392                  C1CFG1 = 0x392
                    0x0392                  _C1CFG1 = 0x392
                    0x0392                  _C1CFG1bits = 0x392
                    0x0394                  C1CFG2 = 0x394
                    0x0394                  _C1CFG2 = 0x394
                    0x0394                  _C1CFG2bits = 0x394
                    0x0396                  C1INTF = 0x396
                    0x0396                  _C1INTF = 0x396
                    0x0396                  _C1INTFbits = 0x396
                    0x0398                  C1INTE = 0x398
                    0x0398                  _C1INTE = 0x398
                    0x0398                  _C1INTEbits = 0x398
                    0x039a                  C1EC = 0x39a
                    0x039a                  _C1EC = 0x39a
                    0x039a                  C1RERRCNT = 0x39a
                    0x039a                  _C1RERRCNT = 0x39a
                    0x039b                  C1TERRCNT = 0x39b
                    0x039b                  _C1TERRCNT = 0x39b
                    0x03c0                  C2RXF0SID = 0x3c0
                    0x03c0                  _C2RXF0SID = 0x3c0
                    0x03c0                  _C2RXF0SIDbits = 0x3c0
                    0x03c2                  C2RXF0EIDH = 0x3c2
                    0x03c2                  _C2RXF0EIDH = 0x3c2
                    0x03c2                  _C2RXF0EIDHbits = 0x3c2
                    0x03c4                  C2RXF0EIDL = 0x3c4
                    0x03c4                  _C2RXF0EIDL = 0x3c4
                    0x03c4                  _C2RXF0EIDLbits = 0x3c4
                    0x03c8                  C2RXF1SID = 0x3c8
                    0x03c8                  _C2RXF1SID = 0x3c8
                    0x03c8                  _C2RXF1SIDbits = 0x3c8
                    0x03ca                  C2RXF1EIDH = 0x3ca
                    0x03ca                  _C2RXF1EIDH = 0x3ca
                    0x03ca                  _C2RXF1EIDHbits = 0x3ca
                    0x03cc                  C2RXF1EIDL = 0x3cc
                    0x03cc                  _C2RXF1EIDL = 0x3cc
                    0x03cc                  _C2RXF1EIDLbits = 0x3cc
                    0x03d0                  C2RXF2SID = 0x3d0
                    0x03d0                  _C2RXF2SID = 0x3d0
                    0x03d0                  _C2RXF2SIDbits = 0x3d0
                    0x03d2                  C2RXF2EIDH = 0x3d2
                    0x03d2                  _C2RXF2EIDH = 0x3d2
                    0x03d2                  _C2RXF2EIDHbits = 0x3d2
                    0x03d4                  C2RXF2EIDL = 0x3d4
                    0x03d4                  _C2RXF2EIDL = 0x3d4
                    0x03d4                  _C2RXF2EIDLbits = 0x3d4
                    0x03d8                  C2RXF3SID = 0x3d8
                    0x03d8                  _C2RXF3SID = 0x3d8
                    0x03d8                  _C2RXF3SIDbits = 0x3d8
                    0x03da                  C2RXF3EIDH = 0x3da
                    0x03da                  _C2RXF3EIDH = 0x3da
                    0x03da                  _C2RXF3EIDHbits = 0x3da
                    0x03dc                  C2RXF3EIDL = 0x3dc
                    0x03dc                  _C2RXF3EIDL = 0x3dc
                    0x03dc                  _C2RXF3EIDLbits = 0x3dc
                    0x03e0                  C2RXF4SID = 0x3e0
                    0x03e0                  _C2RXF4SID = 0x3e0
                    0x03e0                  _C2RXF4SIDbits = 0x3e0
                    0x03e2                  C2RXF4EIDH = 0x3e2
                    0x03e2                  _C2RXF4EIDH = 0x3e2
                    0x03e2                  _C2RXF4EIDHbits = 0x3e2
                    0x03e4                  C2RXF4EIDL = 0x3e4
                    0x03e4                  _C2RXF4EIDL = 0x3e4
                    0x03e4                  _C2RXF4EIDLbits = 0x3e4
                    0x03e8                  C2RXF5SID = 0x3e8
                    0x03e8                  _C2RXF5SID = 0x3e8
                    0x03e8                  _C2RXF5SIDbits = 0x3e8
                    0x03ea                  C2RXF5EIDH = 0x3ea
                    0x03ea                  _C2RXF5EIDH = 0x3ea
                    0x03ea                  _C2RXF5EIDHbits = 0x3ea
                    0x03ec                  C2RXF5EIDL = 0x3ec
                    0x03ec                  _C2RXF5EIDL = 0x3ec
                    0x03ec                  _C2RXF5EIDLbits = 0x3ec
                    0x03f0                  C2RXM0SID = 0x3f0
                    0x03f0                  _C2RXM0SID = 0x3f0
                    0x03f0                  _C2RXM0SIDbits = 0x3f0
                    0x03f2                  C2RXM0EIDH = 0x3f2
                    0x03f2                  _C2RXM0EIDH = 0x3f2
                    0x03f2                  _C2RXM0EIDHbits = 0x3f2
                    0x03f4                  C2RXM0EIDL = 0x3f4
                    0x03f4                  _C2RXM0EIDL = 0x3f4
                    0x03f4                  _C2RXM0EIDLbits = 0x3f4
                    0x03f8                  C2RXM1SID = 0x3f8
                    0x03f8                  _C2RXM1SID = 0x3f8
                    0x03f8                  _C2RXM1SIDbits = 0x3f8
                    0x03fa                  C2RXM1EIDH = 0x3fa
                    0x03fa                  _C2RXM1EIDH = 0x3fa
                    0x03fa                  _C2RXM1EIDHbits = 0x3fa
                    0x03fc                  C2RXM1EIDL = 0x3fc
                    0x03fc                  _C2RXM1EIDL = 0x3fc
                    0x03fc                  _C2RXM1EIDLbits = 0x3fc
                    0x0400                  C2TX2SID = 0x400
                    0x0400                  _C2TX2SID = 0x400
                    0x0400                  _C2TX2SIDbits = 0x400
                    0x0402                  C2TX2EID = 0x402
                    0x0402                  _C2TX2EID = 0x402
                    0x0402                  _C2TX2EIDbits = 0x402
                    0x0404                  C2TX2DLC = 0x404
                    0x0404                  _C2TX2DLC = 0x404
                    0x0404                  _C2TX2DLCbits = 0x404
                    0x0406                  C2TX2B1 = 0x406
                    0x0406                  _C2TX2B1 = 0x406
                    0x0406                  _C2TX2B1bits = 0x406
                    0x0408                  C2TX2B2 = 0x408
                    0x0408                  _C2TX2B2 = 0x408
                    0x0408                  _C2TX2B2bits = 0x408
                    0x040a                  C2TX2B3 = 0x40a
                    0x040a                  _C2TX2B3 = 0x40a
                    0x040a                  _C2TX2B3bits = 0x40a
                    0x040c                  C2TX2B4 = 0x40c
                    0x040c                  _C2TX2B4 = 0x40c
                    0x040c                  _C2TX2B4bits = 0x40c
                    0x040e                  C2TX2CON = 0x40e
                    0x040e                  _C2TX2CON = 0x40e
                    0x040e                  _C2TX2CONbits = 0x40e
                    0x0410                  C2TX1SID = 0x410
                    0x0410                  _C2TX1SID = 0x410
                    0x0410                  _C2TX1SIDbits = 0x410
                    0x0412                  C2TX1EID = 0x412
                    0x0412                  _C2TX1EID = 0x412
                    0x0412                  _C2TX1EIDbits = 0x412
                    0x0414                  C2TX1DLC = 0x414
                    0x0414                  _C2TX1DLC = 0x414
                    0x0414                  _C2TX1DLCbits = 0x414
                    0x0416                  C2TX1B1 = 0x416
                    0x0416                  _C2TX1B1 = 0x416
                    0x0416                  _C2TX1B1bits = 0x416
                    0x0418                  C2TX1B2 = 0x418
                    0x0418                  _C2TX1B2 = 0x418
                    0x0418                  _C2TX1B2bits = 0x418
                    0x041a                  C2TX1B3 = 0x41a
                    0x041a                  _C2TX1B3 = 0x41a
                    0x041a                  _C2TX1B3bits = 0x41a
                    0x041c                  C2TX1B4 = 0x41c
                    0x041c                  _C2TX1B4 = 0x41c
                    0x041c                  _C2TX1B4bits = 0x41c
                    0x041e                  C2TX1CON = 0x41e
                    0x041e                  _C2TX1CON = 0x41e
                    0x041e                  _C2TX1CONbits = 0x41e
                    0x0420                  C2TX0SID = 0x420
                    0x0420                  _C2TX0SID = 0x420
                    0x0420                  _C2TX0SIDbits = 0x420
                    0x0422                  C2TX0EID = 0x422
                    0x0422                  _C2TX0EID = 0x422
                    0x0422                  _C2TX0EIDbits = 0x422
                    0x0424                  C2TX0DLC = 0x424
                    0x0424                  _C2TX0DLC = 0x424
                    0x0424                  _C2TX0DLCbits = 0x424
                    0x0426                  C2TX0B1 = 0x426
                    0x0426                  _C2TX0B1 = 0x426
                    0x0426                  _C2TX0B1bits = 0x426
                    0x0428                  C2TX0B2 = 0x428
                    0x0428                  _C2TX0B2 = 0x428
                    0x0428                  _C2TX0B2bits = 0x428
                    0x042a                  C2TX0B3 = 0x42a
                    0x042a                  _C2TX0B3 = 0x42a
                    0x042a                  _C2TX0B3bits = 0x42a
                    0x042c                  C2TX0B4 = 0x42c
                    0x042c                  _C2TX0B4 = 0x42c
                    0x042c                  _C2TX0B4bits = 0x42c
                    0x042e                  C2TX0CON = 0x42e
                    0x042e                  _C2TX0CON = 0x42e
                    0x042e                  _C2TX0CONbits = 0x42e
                    0x0430                  C2RX1SID = 0x430
                    0x0430                  _C2RX1SID = 0x430
                    0x0430                  _C2RX1SIDbits = 0x430
                    0x0432                  C2RX1EID = 0x432
                    0x0432                  _C2RX1EID = 0x432
                    0x0432                  _C2RX1EIDbits = 0x432
                    0x0434                  C2RX1DLC = 0x434
                    0x0434                  _C2RX1DLC = 0x434
                    0x0434                  _C2RX1DLCbits = 0x434
                    0x0436                  C2RX1B1 = 0x436
                    0x0436                  _C2RX1B1 = 0x436
                    0x0436                  _C2RX1B1bits = 0x436
                    0x0438                  C2RX1B2 = 0x438
                    0x0438                  _C2RX1B2 = 0x438
                    0x0438                  _C2RX1B2bits = 0x438
                    0x043a                  C2RX1B3 = 0x43a
                    0x043a                  _C2RX1B3 = 0x43a
                    0x043a                  _C2RX1B3bits = 0x43a
                    0x043c                  C2RX1B4 = 0x43c
                    0x043c                  _C2RX1B4 = 0x43c
                    0x043c                  _C2RX1B4bits = 0x43c
                    0x043e                  C2RX1CON = 0x43e
                    0x043e                  _C2RX1CON = 0x43e
                    0x043e                  _C2RX1CONbits = 0x43e
                    0x0440                  C2RX0SID = 0x440
                    0x0440                  _C2RX0SID = 0x440
                    0x0440                  _C2RX0SIDbits = 0x440
                    0x0442                  C2RX0EID = 0x442
                    0x0442                  _C2RX0EID = 0x442
                    0x0442                  _C2RX0EIDbits = 0x442
                    0x0444                  C2RX0DLC = 0x444
                    0x0444                  _C2RX0DLC = 0x444
                    0x0444                  _C2RX0DLCbits = 0x444
                    0x0446                  C2RX0B1 = 0x446
                    0x0446                  _C2RX0B1 = 0x446
                    0x0446                  _C2RX0B1bits = 0x446
                    0x0448                  C2RX0B2 = 0x448
                    0x0448                  _C2RX0B2 = 0x448
                    0x0448                  _C2RX0B2bits = 0x448
                    0x044a                  C2RX0B3 = 0x44a
                    0x044a                  _C2RX0B3 = 0x44a
                    0x044a                  _C2RX0B3bits = 0x44a
                    0x044c                  C2RX0B4 = 0x44c
                    0x044c                  _C2RX0B4 = 0x44c
                    0x044c                  _C2RX0B4bits = 0x44c
                    0x044e                  C2RX0CON = 0x44e
                    0x044e                  _C2RX0CON = 0x44e
                    0x044e                  _C2RX0CONbits = 0x44e
                    0x0450                  C2CTRL = 0x450
                    0x0450                  _C2CTRL = 0x450
                    0x0450                  _C2CTRLbits = 0x450
                    0x0452                  C2CFG1 = 0x452
                    0x0452                  _C2CFG1 = 0x452
                    0x0452                  _C2CFG1bits = 0x452
                    0x0454                  C2CFG2 = 0x454
                    0x0454                  _C2CFG2 = 0x454
                    0x0454                  _C2CFG2bits = 0x454
                    0x0456                  C2INTF = 0x456
                    0x0456                  _C2INTF = 0x456
                    0x0456                  _C2INTFbits = 0x456
                    0x0458                  C2INTE = 0x458
                    0x0458                  _C2INTE = 0x458
                    0x0458                  _C2INTEbits = 0x458
                    0x045a                  C2EC = 0x45a
                    0x045a                  _C2EC = 0x45a
                    0x045a                  _C2ECbits = 0x45a
                    0x045a                  C2RERRCNT = 0x45a
                    0x045a                  _C2RERRCNT = 0x45a
                    0x045b                  C2TERRCNT = 0x45b
                    0x045b                  _C2TERRCNT = 0x45b
                    0x0740                  RCON = 0x740
                    0x0740                  _RCON = 0x740
                    0x0740                  _RCONbits = 0x740
                    0x0742                  OSCCON = 0x742
                    0x0742                  _OSCCON = 0x742
                    0x0742                  _OSCCONbits = 0x742
                    0x0742                  OSCCONL = 0x742
                    0x0742                  _OSCCONL = 0x742
                    0x0743                  OSCCONH = 0x743
                    0x0743                  _OSCCONH = 0x743
                    0x0750                  BSRAM = 0x750
                    0x0750                  _BSRAM = 0x750
                    0x0750                  _BSRAMbits = 0x750
                    0x0752                  SSRAM = 0x752
                    0x0752                  _SSRAM = 0x752
                    0x0752                  _SSRAMbits = 0x752
                    0x0760                  NVMCON = 0x760
                    0x0760                  _NVMCON = 0x760
                    0x0760                  _NVMCONbits = 0x760
                    0x0762                  NVMADR = 0x762
                    0x0762                  _NVMADR = 0x762
                    0x0764                  NVMADRU = 0x764
                    0x0764                  _NVMADRU = 0x764
                    0x0764                  _NVMADRUbits = 0x764
                    0x0766                  NVMKEY = 0x766
                    0x0766                  _NVMKEY = 0x766
                    0x0770                  PMD1 = 0x770
                    0x0770                  _PMD1 = 0x770
                    0x0770                  _PMD1bits = 0x770
                    0x0772                  PMD2 = 0x772
                    0x0772                  _PMD2 = 0x772
                    0x0772                  _PMD2bits = 0x772
                    0x0022                  ACCA = 0x22
                    0x0022                  _ACCA = 0x22
                    0x0028                  ACCB = 0x28
                    0x0028                  _ACCB = 0x28
                    0x0300                  CAN1 = 0x300
                    0x0300                  _CAN1 = 0x300
                    0x03c0                  CAN2 = 0x3c0
                    0x03c0                  _CAN2 = 0x3c0
                    0x0140                  IC1 = 0x140
                    0x0140                  _IC1 = 0x140
                    0x0144                  IC2 = 0x144
                    0x0144                  _IC2 = 0x144
                    0x0148                  IC3 = 0x148
                    0x0148                  _IC3 = 0x148
                    0x014c                  IC4 = 0x14c
                    0x014c                  _IC4 = 0x14c
                    0x0150                  IC5 = 0x150
                    0x0150                  _IC5 = 0x150
                    0x0154                  IC6 = 0x154
                    0x0154                  _IC6 = 0x154
                    0x0158                  IC7 = 0x158
                    0x0158                  _IC7 = 0x158
                    0x015c                  IC8 = 0x15c
                    0x015c                  _IC8 = 0x15c
                    0x0180                  OC1 = 0x180
                    0x0180                  _OC1 = 0x180
                    0x0186                  OC2 = 0x186
                    0x0186                  _OC2 = 0x186
                    0x018c                  OC3 = 0x18c
                    0x018c                  _OC3 = 0x18c
                    0x0192                  OC4 = 0x192
                    0x0192                  _OC4 = 0x192
                    0x0198                  OC5 = 0x198
                    0x0198                  _OC5 = 0x198
                    0x019e                  OC6 = 0x19e
                    0x019e                  _OC6 = 0x19e
                    0x01a4                  OC7 = 0x1a4
                    0x01a4                  _OC7 = 0x1a4
                    0x01aa                  OC8 = 0x1aa
                    0x01aa                  _OC8 = 0x1aa
                    0x0220                  SPI1 = 0x220
                    0x0220                  _SPI1 = 0x220
                    0x0226                  SPI2 = 0x226
                    0x0226                  _SPI2 = 0x226
                    0x020c                  UART1 = 0x20c
                    0x020c                  _UART1 = 0x20c
                    0x0216                  UART2 = 0x216
                    0x0216                  _UART2 = 0x216
                    0x0001                  __MPLAB_BUILD = 0x1
START GROUP
LOAD c:/program files (x86)/microchip/xc16/v1.40/bin/bin/../../lib\liblega-pic30-coff.a
LOAD c:/program files (x86)/microchip/xc16/v1.40/bin/bin/../../lib\libm-coff.a
LOAD c:/program files (x86)/microchip/xc16/v1.40/bin/bin/../../lib\liblega-c-coff.a
END GROUP
OUTPUT(Display pcb.cof coff-pic30)
LOAD /CW/_FGSêÜ≈
LOAD data_init
LOAD default_isr

__c30_signature
                  0x000000         0x7e
 __c30_signature
                  0x000000          0x6 main.o
 __c30_signature
                  0x000006          0x6 c:/program files (x86)/microchip/xc16/v1.40/bin/bin/../../lib\liblega-pic30-coff.a(crt0_standard.o)
 __c30_signature
                  0x00000c          0x6 c:/program files (x86)/microchip/xc16/v1.40/bin/bin/../../lib\liblega-pic30-coff.a(data_init_standard.o)
 __c30_signature
                  0x000012          0x6 c:/program files (x86)/microchip/xc16/v1.40/bin/bin/../../lib\libm-coff.a(udivsi3.o)
 __c30_signature
                  0x000018          0x6 c:/program files (x86)/microchip/xc16/v1.40/bin/bin/../../lib\libm-coff.a(floatunsisf.o)
 __c30_signature
                  0x00001e          0x6 c:/program files (x86)/microchip/xc16/v1.40/bin/bin/../../lib\libm-coff.a(feqltle.o)
 __c30_signature
                  0x000024          0x6 c:/program files (x86)/microchip/xc16/v1.40/bin/bin/../../lib\libm-coff.a(addsf3.o)
 __c30_signature
                  0x00002a          0x6 c:/program files (x86)/microchip/xc16/v1.40/bin/bin/../../lib\libm-coff.a(mulsf3.o)
 __c30_signature
                  0x000030          0x6 c:/program files (x86)/microchip/xc16/v1.40/bin/bin/../../lib\libm-coff.a(fixsfsi.o)
 __c30_signature
                  0x000036          0x6 c:/program files (x86)/microchip/xc16/v1.40/bin/bin/../../lib\libm-coff.a(divsf3.o)
 __c30_signature
                  0x00003c          0x6 c:/program files (x86)/microchip/xc16/v1.40/bin/bin/../../lib\libm-coff.a(fixunssfsi.o)
 __c30_signature
                  0x000042          0x6 c:/program files (x86)/microchip/xc16/v1.40/bin/bin/../../lib\libm-coff.a(fgtge.o)
 __c30_signature
                  0x000048          0x6 c:/program files (x86)/microchip/xc16/v1.40/bin/bin/../../lib\libm-coff.a(floatsisf.o)
 __c30_signature
                  0x00004e          0x6 c:/program files (x86)/microchip/xc16/v1.40/bin/bin/../../lib\libm-coff.a(divsi3.o)
 __c30_signature
                  0x000054          0x6 c:/program files (x86)/microchip/xc16/v1.40/bin/bin/../../lib\libm-coff.a(floatundisf.o)
 __c30_signature
                  0x00005a          0x6 c:/program files (x86)/microchip/xc16/v1.40/bin/bin/../../lib\libm-coff.a(fcompare.o)
 __c30_signature
                  0x000060          0x6 c:/program files (x86)/microchip/xc16/v1.40/bin/bin/../../lib\libm-coff.a(funpack2.o)
 __c30_signature
                  0x000066          0x6 c:/program files (x86)/microchip/xc16/v1.40/bin/bin/../../lib\libm-coff.a(futil.o)
 __c30_signature
                  0x00006c          0x6 c:/program files (x86)/microchip/xc16/v1.40/bin/bin/../../lib\libm-coff.a(fpack.o)
 __c30_signature
                  0x000072          0x6 c:/program files (x86)/microchip/xc16/v1.40/bin/bin/../../lib\libm-coff.a(funpack.o)
 __c30_signature
                  0x000078          0x6 c:/program files (x86)/microchip/xc16/v1.40/bin/bin/../../lib\libm-coff.a(floatdisf.o)

.nbss               0x0800        0x354
 .nbss              0x0800        0x354 main.o
                    0x0800                  weldcurrent
                    0x0802                  pweldcurrent
                    0x0804                  weldvoltage
                    0x0806                  pweldvoltage
                    0x0808                  portvalue
                    0x080a                  result0
                    0x080c                  result1
                    0x080e                  result2
                    0x0810                  result3
                    0x0812                  result4
                    0x0814                  result5
                    0x0816                  trip_ip
                    0x0818                  psetcurrent
                    0x081a                  offset
                    0x081c                  phsetcurrent
                    0x081e                  phsetvoltage
                    0x0820                  precweldvtg
                    0x0822                  recweldvtg
                    0x0824                  transstatus
                    0x0826                  reclower
                    0x0828                  rechigher
                    0x082a                  dispweldcurrent
                    0x082c                  pdispweldcurrent
                    0x082e                  offsetsh1
                    0x0830                  offsetsh2
                    0x0832                  mma_weldvoltage
                    0x0834                  cnt_mma
                    0x0836                  resultv_mma
                    0x083a                  CURR
                    0x083e                  VOLT
                    0x0842                  arr
                    0x084a                  abc
                    0x084b                  weldon
                    0x084c                  setdp
                    0x084d                  offsetf
                    0x084e                  offsetcnt
                    0x084f                  welding_flag
                    0x0850                  count_1ms
                    0x0851                  count_tx2_1ms
                    0x0852                  startstatustx2
                    0x0853                  tx2statuscounter
                    0x0854                  count_tx2
                    0x0855                  transmit2wf_f
                    0x0856                  remote_flag
                    0x0857                  trans_flag
                    0x0858                  uartdata2
                    0x0859                  start_rec_data
                    0x085a                  start_rec_status
                    0x085b                  recdata_arr
                    0x0863                  rec_status_f
                    0x0864                  uartdata
                    0x0865                  startrec
                    0x0866                  rec_cnt
                    0x0867                  transchksum
                    0x0868                  recchksum
                    0x0869                  recstatus
                    0x086a                  received_arr
                    0x0883                  trans_ps_wf_arr
                    0x089b                  uartdata1
                    0x089c                  startrec1
                    0x089d                  recdata_arr1
                    0x08a5                  rec_cnt1
                    0x08a6                  transchksum1
                    0x08a7                  recchksum1
                    0x08a8                  reclower1
                    0x08a9                  rechigher1
                    0x08aa                  motoronf
                    0x08ab                  starttx2
                    0x08ac                  tx2counter
                    0x08ae                  resulti
                    0x08b2                  resultsm
                    0x08b6                  resultv
                    0x08ba                  resultt
                    0x08be                  resultic
                    0x08c2                  resultvc
                    0x08c6                  resultfm
                    0x08ca                  resultsh1
                    0x08ce                  resultsh2
                    0x08d2                  cnt
                    0x08d4                  disp_flag
                    0x08d6                  count_5sec
                    0x08d8                  count_3sec
                    0x08da                  poweron_flag
                    0x08dc                  memdata
                    0x08de                  refmotorvtg
                    0x08e0                  tx2chksm
                    0x08e2                  new_tx2chksm
                    0x08e4                  cv_counter
                    0x08e6                  encod
                    0x08e7                  temp
                    0x08e8                  old
                    0x08e9                  firstpulse
                    0x08ea                  secondpulse
                    0x08eb                  new
                    0x08ec                  plus
                    0x08ed                  minus
                    0x08ee                  switchh_flag
                    0x08ef                  switchl_flag
                    0x08f0                  eswitch
                    0x08f1                  Arcstrikef1
                    0x08f2                  Arconf
                    0x08f3                  migmodeon
                    0x08f4                  migcount
                    0x08f5                  count_10ms
                    0x08f6                  count_100ms
                    0x08f7                  cali_flag
                    0x08f8                  cali_on1
                    0x08f9                  Disp_updatef
                    0x08fa                  PrevTorchans
                    0x08fb                  Torchans
                    0x08fc                  softstartf
                    0x08fd                  ii
                    0x08fe                  iii
                    0x08ff                  count_transmit
                    0x0900                  check
                    0x0902                  count_preflow
                    0x0904                  remoteonf
                    0x0905                  setflag
                    0x0906                  mma_flag
                    0x0907                  mig_flag
                    0x0908                  saw_flag
                    0x0909                  display_flag
                    0x090a                  process_flag
                    0x090b                  mig_trans_f
                    0x090c                  mma_init
                    0x090d                  weldoff_dis
                    0x090e                  disp_1sec
                    0x090f                  trip_flag
                    0x0910                  comm_flag
                    0x0911                  trip_status
                    0x0912                  Keyans
                    0x0913                  Prevkeyans
                    0x0914                  danger_flag
                    0x0915                  trans_chk_f
                    0x0916                  mili_100
                    0x0918                  pluscount
                    0x091a                  minuscount
                    0x091c                  pluspara
                    0x091e                  minuspara
                    0x0920                  aaa
                    0x0922                  PWMcount
                    0x0924                  Arccounter
                    0x0926                  tempvolt
                    0x0928                  Addoffsetvtg
                    0x092a                  PWMcount1
                    0x092c                  mvoltage
                    0x092e                  tempmvolt
                    0x0930                  comm_count
                    0x0932                  psetvoltage1
                    0x0934                  disp_cnt
                    0x0936                  remotecnt
                    0x0938                  avg_vtg
                    0x093a                  offsetsetvtg
                    0x093c                  resistance
                    0x093e                  avgcntr
                    0x0940                  bbb
                    0x0942                  xyz
                    0x0944                  ccc
                    0x0946                  calibrationf
                    0x0947                  disp_calf
                    0x0948                  read_hvtgf
                    0x0949                  recvtgcntr
                    0x094a                  Read_Ensw
                    0x094b                  Read_torchswf
                    0x094c                  measured_vtg
                    0x0950                  avg_hvtg
                    0x0954                  avg_psvtg
                    0x0958                  avg_pscur
                    0x095c                  measured_hvtg
                    0x0960                  measured_psvtg
                    0x0964                  measured_pscur
                    0x0968                  startptr1
                    0x0969                  startptr2
                    0x096a                  CCCVmodef
                    0x096b                  arr_pointer
                    0x096c                  rsetcurrent
                    0x096e                  rsetvoltage
                    0x0970                  rsetvoltage1
                    0x0972                  prsetcurrent
                    0x0974                  prsetvoltage
                    0x0976                  newpwm
                    0x0978                  actual_voltage
                    0x097a                  mcnt
                    0x097c                  motorerrcnt
                    0x097e                  over
                    0x0980                  over1
                    0x0982                  rset_wirespeed
                    0x0984                  prset_wirespeed
                    0x0986                  p_setvtg
                    0x0988                  p_rsetvoltage1
                    0x098a                  set_v
                    0x098c                  Torchkey
                    0x098d                  Inchkey
                    0x098e                  Motorerr
                    0x098f                  Torchmode
                    0x0990                  Gasonkey
                    0x0991                  kpressread
                    0x0992                  gas_check_f
                    0x0994                  shfb1curr
                    0x0996                  shfb2curr
                    0x0998                  shfbweldcurr
                    0x099a                  dVal0
                    0x099c                  dVal1
                    0x099e                  dVal4
                    0x09a0                  dVal5
                    0x09a2                  dispshfb1
                    0x09a4                  dispshfb2
                    0x09a6                  curimb
                    0x09a8                  dVal2
                    0x09aa                  dVal3
                    0x09ac                  imbal
                    0x09ae                  cyclestrt
                    0x09af                  burnbackcnt
                    0x09b0                  torchrelease
                    0x09b1                  crateron
                    0x09b2                  motortrip
                    0x09b3                  start_cv
                    0x09b4                  overflag
                    0x09b5                  adcread_overf
                    0x09b6                  counter
                    0x09ba                  scalmode
                    0x09bb                  releasef
                    0x09bc                  shuntcal1f
                    0x09bd                  shuntcal2f
                    0x09be                  curimbf
                    0x09bf                  imtrip_flag
                    0x09c0                  arcforcemodef
                    0x09c1                  keyrelease
                    0x09c2                  arcforce
                    0x09c4                  newcurrent
                    0x09c6                  hotstartcount
                    0x09c8                  dvalcnt
                    0x09ca                  startdf
                    0x09cc                  dac_counts
                    0x09ce                  dac_counts_new
                    0x09d0                  fweldvoltage
                    0x09d4                  farcforce
                    0x09d8                  fnewcurrent
                    0x09dc                  fsetcurrent
                    0x09e0                  hotf
                    0x09e1                  calmodef
                    0x09e2                  setupcalmode
                    0x09e3                  dispcalmodef
                    0x09e4                  err1
                    0x09e5                  err2
                    0x09e6                  oper
                    0x09e8                  rec_wf_status
                    0x09ea                  kp_prev
                    0x09f2                  ki_prev
                    0x09fa                  kd_prev
                    0x0a02                  gamma1
                    0x0a06                  gamma2
                    0x0a0a                  gamma3
                    0x0a0e                  sf_setpoint
                    0x0a10                  sf_feedback
                    0x0a12                  sf_error
                    0x0a14                  sf_preverror
                    0x0a16                  sf_ppreverror
                    0x0a18                  sf_corrected_error
                    0x0a1a                  sf_kpgain
                    0x0a1c                  sf_kigain
                    0x0a1e                  sf_kdgain
                    0x0a20                  sf_outputmin
                    0x0a24                  sf_accumulator
                    0x0a28                  sf_pterm
                    0x0a2c                  sf_iterm
                    0x0a30                  sf_dterm
                    0x0a34                  sf_pid
                    0x0a38                  sf_pid_old
                    0x0a3c                  sf_prevpid
                    0x0a40                  sf_scalefactor
                    0x0a42                  sf_pidoutput
                    0x0a44                  scaled_sf_pidoutput
                    0x0a46                  migdaccount
                    0x0a48                  migdaccount1
                    0x0a4a                  migdaccount2
                    0x0a4c                  iLowpidvalue
                    0x0a4e                  ishvalue
                    0x0a50                  imfvalue
                    0x0a52                  MIGweldon_detectf
                    0x0a54                  mult_factor
                    0x0a56                  cEditfg
                    0x0a57                  tx2chksum
                    0x0a58                  arrptr
                    0x0a59                  startstatus1
                    0x0a5a                  recwfstatus
                    0x0a5c                  iAvg_cnt
                    0x0a5e                  iAvg_cntr
                    0x0a60                  iNoofshift
                    0x0a62                  iNoofDispShift
                    0x0a64                  loop
                    0x0a66                  resultmig
                    0x0a6a                  iMigOffset
                    0x0a6e                  cTestfg
                    0x0a6f                  Testfg
                    0x0a70                  keyfoundfg
                    0x0a71                  WfEditfg
                    0x0a72                  cTest
                    0x0a74                  iTest
                    0x0a76                  iRemotechkCntr
                    0x0a78                  cpidmode
                    0x0a7a                  iKp
                    0x0a7c                  iKi
                    0x0a7e                  iKd
                    0x0a80                  iMul
                    0x0a82                  prevdac_counts
                    0x0a84                  final_dac
                    0x0a86                  piderrorfg
                    0x0a87                  daccountfg
                    0x0a88                  sf_dererror
                    0x0a8c                  PID_pterm
                    0x0a90                  PID_iterm
                    0x0a94                  PID_dterm
                    0x0a98                  start_pid_fg
                    0x0a99                  set_pid_fg
                    0x0a9a                  count_iTest
                    0x0a9c                  pidfg
                    0x0a9d                  cFrameStr
                    0x0a9e                  cFramefg
                    0x0a9f                  cPowerOnblockrxfg
                    0x0aa0                  iPowerOnCntr
                    0x0aa2                  count_postflow
                    0x0aa3                  mig_parameters
                    0x0aa4                  parametercnt
                    0x0aa6                  error_4_check4t
                    0x0aa7                  error4_flag
                    0x0aa8                  ERROR_4_errorf
                    0x0aa9                  comm_errorf
                    0x0aaa                  cntsecond_er4
                    0x0aac                  communication_time_out
                    0x0aae                  cErrorChkoverfg
                    0x0ab0                  i
                    0x0ab2                  j
                    0x0ab4                  cPowerFlashfg
                    0x0ab5                  cFlashfg
                    0x0ab6                  cFlashCntr
                    0x0ab8                  iArcforceCurr
                    0x0aba                  iPrevcurr
                    0x0abc                  iHotstartcurr
                    0x0abe                  count_10ms_hotstart
                    0x0abf                  TypeDP
                    0x0ac0                  transmit_parameteru
                    0x0aca                  psstatusu
                    0x0acb                  wf_statusu
                    0x0acc                  receive_parameteru
                    0x0ade                  commu_ps_wfu
                    0x0af4                  PID_sParams
                    0x0b40                  EEPROM_struct_mig

.ndata              0x0b54         0x16
 .ndata             0x0b54         0x16 main.o
                    0x0b54                  hsetcurrent
                    0x0b56                  hsetvoltage
                    0x0b58                  disdigit
                    0x0b59                  pwelding_status
                    0x0b5a                  welding_status
                    0x0b5c                  setcurrent
                    0x0b5e                  setvoltage1
                    0x0b60                  operator
                    0x0b61                  sawweldmode
                    0x0b62                  parcforce
                    0x0b64                  pcurrent
                    0x0b66                  sf_outputmax

.ivt._T1Interrupt
                  0x00001a          0x2
 .ivt._T1Interrupt
                  0x00001a          0x2 main.o

.ivt._T2Interrupt
                  0x000020          0x2
 .ivt._T2Interrupt
                  0x000020          0x2 main.o

.ivt._T4Interrupt
                  0x00003e          0x2
 .ivt._T4Interrupt
                  0x00003e          0x2 main.o

.ivt._ADCInterrupt
                  0x00002a          0x2
 .ivt._ADCInterrupt
                  0x00002a          0x2 main.o

.ivt._U2TXInterrupt
                  0x000046          0x2
 .ivt._U2TXInterrupt
                  0x000046          0x2 main.o

.ivt._U2RXInterrupt
                  0x000044          0x2
 .ivt._U2RXInterrupt
                  0x000044          0x2 main.o

.ivt._U1RXInterrupt
                  0x000026          0x2
 .ivt._U1RXInterrupt
                  0x000026          0x2 main.o

.ivt._SPI2Interrupt
                  0x000048          0x2
 .ivt._SPI2Interrupt
                  0x000048          0x2 main.o

.const              0x977a        0x2e0 load address 0x00177a  
 .const             0x977a        0x2e0 main.o
                    0x977a                  lookup_table

.text             0x001a5a       0x1dd2
 .text            0x001a5a       0x1dd2 main.o
                  0x001a5a                  display_int
                  0x001a80                  display_data
                  0x001b96                  refresh_display
                  0x001d2e                  latchdata
                  0x001e00                  disp_hex_dec_curr
                  0x001e6a                  disp_hex_dec_volt
                  0x001ed4                  encoder_init
                  0x001ee0                  scanencoder
                  0x001f8e                  enc_port
                  0x001fc2                  Check_cal_mode
                  0x0020c6                  mma
                  0x00245a                  MMACCLookup
                  0x0024c2                  mig
                  0x002658                  torchaction
                  0x00295c                  genref
                  0x0029e2                  drivemotor
                  0x0029fc                  second_order_pid
                  0x002bac                  superfast_pid
                  0x002d48                  EEPROM_Read
                  0x002d82                  EEPROM_Erase_Write
                  0x002e44                  write_mode_mem
                  0x002e8e                  recall_mode_mem
                  0x002eea                  ReadLastWeldData